Build started 5/23/2026 1:05:16 AM.
     1>Project "C:\Users\grego\RiderProjects\SATUI\SATUI.UITests\SATUI.UITests.csproj" on node 1 (Restore target(s)).
     1>_GetAllRestoreProjectPathItems:
         Determining projects to restore...
     1>Project "C:\Users\grego\RiderProjects\SATUI\SATUI.UITests\SATUI.UITests.csproj" (1) is building "C:\Users\grego\RiderProjects\SATUI\SATUI.UITests\SATUI.UITests.csproj" (1:6) on node 1 (_GenerateProjectRestoreGraph target(s)).
     1>AddPrunePackageReferences:
         Loading prune package data from PrunePackageData folder
         Failed to load prune package data from PrunePackageData folder, loading from targeting packs instead
         Looking for targeting packs in C:\Program Files\dotnet\packs\Microsoft.NETCore.App.Ref
         Pack directories found: C:\Program Files\dotnet\packs\Microsoft.NETCore.App.Ref\10.0.0
         C:\Program Files\dotnet\packs\Microsoft.NETCore.App.Ref\10.0.8
         Found package overrides file C:\Program Files\dotnet\packs\Microsoft.NETCore.App.Ref\10.0.8\data\PackageOverrides.txt
     1>Done Building Project "C:\Users\grego\RiderProjects\SATUI\SATUI.UITests\SATUI.UITests.csproj" (_GenerateProjectRestoreGraph target(s)).
     1>Restore:
         X.509 certificate chain validation will use the default trust store selected by .NET for code signing.
         X.509 certificate chain validation will use the default trust store selected by .NET for timestamping.
         Assets file has not changed. Skipping assets file writing. Path: C:\Users\grego\RiderProjects\SATUI\SATUI.UITests\obj\project.assets.json
         Restored C:\Users\grego\RiderProjects\SATUI\SATUI.UITests\SATUI.UITests.csproj (in 41 ms).
         
         NuGet Config files used:
             C:\Users\grego\AppData\Roaming\NuGet\NuGet.Config
             C:\Program Files (x86)\NuGet\Config\Microsoft.VisualStudio.FallbackLocation.config
             C:\Program Files (x86)\NuGet\Config\Microsoft.VisualStudio.Offline.config
         
         Feeds used:
             https://api.nuget.org/v3/index.json
             C:\Program Files (x86)\Microsoft SDKs\NuGetPackages\
         All projects are up-to-date for restore.
     1>Done Building Project "C:\Users\grego\RiderProjects\SATUI\SATUI.UITests\SATUI.UITests.csproj" (Restore target(s)).
   1:7>Project "C:\Users\grego\RiderProjects\SATUI\SATUI.UITests\SATUI.UITests.csproj" on node 1 (VSTest target(s)).
     1>BuildProject:
         Build started, please wait...
   1:7>Project "C:\Users\grego\RiderProjects\SATUI\SATUI.UITests\SATUI.UITests.csproj" (1:7) is building "C:\Users\grego\RiderProjects\SATUI\SATUI.UITests\SATUI.UITests.csproj" (1:8) on node 1 (default targets).
     1>GenerateTargetFrameworkMonikerAttribute:
       Skipping target "GenerateTargetFrameworkMonikerAttribute" because all output files are up-to-date with respect to the input files.
       CoreGenerateAssemblyInfo:
       Skipping target "CoreGenerateAssemblyInfo" because all output files are up-to-date with respect to the input files.
       _GenerateSourceLinkFile:
         Source Link file 'obj\Debug\net10.0-windows\SATUI.UITests.sourcelink.json' is up-to-date.
       CoreCompile:
         Setting DOTNET_ROOT to 'C:\Program Files\dotnet'
         C:\Program Files\dotnet\sdk\10.0.300\Roslyn\bincore\csc.exe /noconfig /unsafe- /checked- /nowarn:1701,1702,1701,1702,8002 /fullpaths /nostdlib+ /errorreport:prompt /warn:10 /define:TRACE;DEBUG;NET;NET10_0;NETCOREAPP;WINDOWS;WINDOWS7_0;NET5_0_OR_GREATER;NET6_0_OR_GREATER;NET7_0_OR_GREATER;NET8_0_OR_GREATER;NET9_0_OR_GREATER;NET10_0_OR_GREATER;NETCOREAPP1_0_OR_GREATER;NETCOREAPP1_1_OR_GREATER;NETCOREAPP2_0_OR_GREATER;NETCOREAPP2_1_OR_GREATER;NETCOREAPP2_2_OR_GREATER;NETCOREAPP3_0_OR_GREATER;NETCOREAPP3_1_OR_GREATER;WINDOWS7_0_OR_GREATER /highentropyva+ /nullable:enable /reference:"C:\Program Files\dotnet\packs\Microsoft.WindowsDesktop.App.Ref\10.0.8\ref\net10.0\Accessibility.dll" /reference:C:\Users\grego\.nuget\packages\diffengine\11.3.0\lib\net7.0\DiffEngine.dll /reference:C:\Users\grego\.nuget\packages\emptyfiles\4.4.0\lib\net7.0\EmptyFiles.dll /reference:C:\Users\grego\.nuget\packages\flaui.core\5.0.0\lib\net8.0-windows7.0\FlaUI.Core.dll /reference:C:\Users\grego\.nuget\packages\flaui.uia3\5.0.0\lib\net8.0-windows7.0\FlaUI.UIA3.dll /reference:C:\Users\grego\.nuget\packages\interop.uiautomationclient\10.19041.0\lib\netcoreapp3.0\Interop.UIAutomationClient.dll /reference:"C:\Program Files\dotnet\packs\Microsoft.NETCore.App.Ref\10.0.8\ref\net10.0\Microsoft.CSharp.dll" /reference:C:\Users\grego\.nuget\packages\microsoft.testplatform.testhost\17.14.1\lib\net8.0\Microsoft.TestPlatform.CommunicationUtilities.dll /reference:C:\Users\grego\.nuget\packages\microsoft.testplatform.testhost\17.14.1\lib\net8.0\Microsoft.TestPlatform.CoreUtilities.dll /reference:C:\Users\grego\.nuget\packages\microsoft.testplatform.testhost\17.14.1\lib\net8.0\Microsoft.TestPlatform.CrossPlatEngine.dll /reference:C:\Users\grego\.nuget\packages\microsoft.testplatform.testhost\17.14.1\lib\net8.0\Microsoft.TestPlatform.PlatformAbstractions.dll /reference:C:\Users\grego\.nuget\packages\microsoft.testplatform.testhost\17.14.1\lib\net8.0\Microsoft.TestPlatform.Utilities.dll /reference:"C:\Program Files\dotnet\packs\Microsoft.NETCore.App.Ref\10.0.8\ref\net10.0\Microsoft.VisualBasic.Core.dll" /reference:"C:\Program Files\dotnet\packs\Microsoft.WindowsDesktop.App.Ref\10.0.8\ref\net10.0\Microsoft.VisualBasic.dll" /reference:"C:\Program Files\dotnet\packs\Microsoft.WindowsDesktop.App.Ref\10.0.8\ref\net10.0\Microsoft.VisualBasic.Forms.dll" /reference:C:\Users\grego\.nuget\packages\microsoft.codecoverage\17.14.1\lib\net8.0\Microsoft.VisualStudio.CodeCoverage.Shim.dll /reference:C:\Users\grego\.nuget\packages\microsoft.testplatform.testhost\17.14.1\lib\net8.0\Microsoft.VisualStudio.TestPlatform.Common.dll /reference:C:\Users\grego\.nuget\packages\microsoft.testplatform.testhost\17.14.1\lib\net8.0\Microsoft.VisualStudio.TestPlatform.ObjectModel.dll /reference:"C:\Program Files\dotnet\packs\Microsoft.NETCore.App.Ref\10.0.8\ref\net10.0\Microsoft.Win32.Primitives.dll" /reference:"C:\Program Files\dotnet\packs\Microsoft.WindowsDesktop.App.Ref\10.0.8\ref\net10.0\Microsoft.Win32.Registry.AccessControl.dll" /reference:"C:\Program Files\dotnet\packs\Microsoft.NETCore.App.Ref\10.0.8\ref\net10.0\Microsoft.Win32.Registry.dll" /reference:"C:\Program Files\dotnet\packs\Microsoft.WindowsDesktop.App.Ref\10.0.8\ref\net10.0\Microsoft.Win32.SystemEvents.dll" /reference:"C:\Program Files\dotnet\packs\Microsoft.NETCore.App.Ref\10.0.8\ref\net10.0\mscorlib.dll" /reference:"C:\Program Files\dotnet\packs\Microsoft.NETCore.App.Ref\10.0.8\ref\net10.0\netstandard.dll" /reference:C:\Users\grego\.nuget\packages\newtonsoft.json\13.0.3\lib\net6.0\Newtonsoft.Json.dll /reference:C:\Users\grego\.nuget\packages\shouldly\4.3.0\lib\net9.0\Shouldly.dll /reference:"C:\Program Files\dotnet\packs\Microsoft.NETCore.App.Ref\10.0.8\ref\net10.0\System.AppContext.dll" /reference:"C:\Program Files\dotnet\packs\Microsoft.NETCore.App.Ref\10.0.8\ref\net10.0\System.Buffers.dll" /reference:"C:\Program Files\dotnet\packs\Microsoft.WindowsDesktop.App.Ref\10.0.8\ref\net10.0\System.CodeDom.dll" /reference:"C:\Program Files\dotnet\packs\Microsoft.NETCore.App.Ref\10.0.8\ref\net10.0\System.Collections.Concurrent.dll" /reference:"C:\Program Files\dotnet\packs\Microsoft.NETCore.App.Ref\10.0.8\ref\net10.0\System.Collections.dll" /reference:"C:\Program Files\dotnet\packs\Microsoft.NETCore.App.Ref\10.0.8\ref\net10.0\System.Collections.Immutable.dll" /reference:"C:\Program Files\dotnet\packs\Microsoft.NETCore.App.Ref\10.0.8\ref\net10.0\System.Collections.NonGeneric.dll" /reference:"C:\Program Files\dotnet\packs\Microsoft.NETCore.App.Ref\10.0.8\ref\net10.0\System.Collections.Specialized.dll" /reference:"C:\Program Files\dotnet\packs\Microsoft.NETCore.App.Ref\10.0.8\ref\net10.0\System.ComponentModel.Annotations.dll" /reference:"C:\Program Files\dotnet\packs\Microsoft.NETCore.App.Ref\10.0.8\ref\net10.0\System.ComponentModel.DataAnnotations.dll" /reference:"C:\Program Files\dotnet\packs\Microsoft.NETCore.App.Ref\10.0.8\ref\net10.0\System.ComponentModel.dll" /reference:"C:\Program Files\dotnet\packs\Microsoft.NETCore.App.Ref\10.0.8\ref\net10.0\System.ComponentModel.EventBasedAsync.dll" /reference:"C:\Program Files\dotnet\packs\Microsoft.NETCore.App.Ref\10.0.8\ref\net10.0\System.ComponentModel.Primitives.dll" /reference:"C:\Program Files\dotnet\packs\Microsoft.NETCore.App.Ref\10.0.8\ref\net10.0\System.ComponentModel.TypeConverter.dll" /reference:"C:\Program Files\dotnet\packs\Microsoft.WindowsDesktop.App.Ref\10.0.8\ref\net10.0\System.Configuration.ConfigurationManager.dll" /reference:"C:\Program Files\dotnet\packs\Microsoft.NETCore.App.Ref\10.0.8\ref\net10.0\System.Configuration.dll" /reference:"C:\Program Files\dotnet\packs\Microsoft.NETCore.App.Ref\10.0.8\ref\net10.0\System.Console.dll" /reference:"C:\Program Files\dotnet\packs\Microsoft.NETCore.App.Ref\10.0.8\ref\net10.0\System.Core.dll" /reference:"C:\Program Files\dotnet\packs\Microsoft.NETCore.App.Ref\10.0.8\ref\net10.0\System.Data.Common.dll" /reference:"C:\Program Files\dotnet\packs\Microsoft.NETCore.App.Ref\10.0.8\ref\net10.0\System.Data.DataSetExtensions.dll" /reference:"C:\Program Files\dotnet\packs\Microsoft.NETCore.App.Ref\10.0.8\ref\net10.0\System.Data.dll" /reference:"C:\Program Files\dotnet\packs\Microsoft.WindowsDesktop.App.Ref\10.0.8\ref\net10.0\System.Design.dll" /reference:"C:\Program Files\dotnet\packs\Microsoft.NETCore.App.Ref\10.0.8\ref\net10.0\System.Diagnostics.Contracts.dll" /reference:"C:\Program Files\dotnet\packs\Microsoft.NETCore.App.Ref\10.0.8\ref\net10.0\System.Diagnostics.Debug.dll" /reference:"C:\Program Files\dotnet\packs\Microsoft.NETCore.App.Ref\10.0.8\ref\net10.0\System.Diagnostics.DiagnosticSource.dll" /reference:"C:\Program Files\dotnet\packs\Microsoft.WindowsDesktop.App.Ref\10.0.8\ref\net10.0\System.Diagnostics.EventLog.dll" /reference:"C:\Program Files\dotnet\packs\Microsoft.NETCore.App.Ref\10.0.8\ref\net10.0\System.Diagnostics.FileVersionInfo.dll" /reference:"C:\Program Files\dotnet\packs\Microsoft.WindowsDesktop.App.Ref\10.0.8\ref\net10.0\System.Diagnostics.PerformanceCounter.dll" /reference:"C:\Program Files\dotnet\packs\Microsoft.NETCore.App.Ref\10.0.8\ref\net10.0\System.Diagnostics.Process.dll" /reference:"C:\Program Files\dotnet\packs\Microsoft.NETCore.App.Ref\10.0.8\ref\net10.0\System.Diagnostics.StackTrace.dll" /reference:"C:\Program Files\dotnet\packs\Microsoft.NETCore.App.Ref\10.0.8\ref\net10.0\System.Diagnostics.TextWriterTraceListener.dll" /reference:"C:\Program Files\dotnet\packs\Microsoft.NETCore.App.Ref\10.0.8\ref\net10.0\System.Diagnostics.Tools.dll" /reference:"C:\Program Files\dotnet\packs\Microsoft.NETCore.App.Ref\10.0.8\ref\net10.0\System.Diagnostics.TraceSource.dll" /reference:"C:\Program Files\dotnet\packs\Microsoft.NETCore.App.Ref\10.0.8\ref\net10.0\System.Diagnostics.Tracing.dll" /reference:"C:\Program Files\dotnet\packs\Microsoft.WindowsDesktop.App.Ref\10.0.8\ref\net10.0\System.DirectoryServices.dll" /reference:"C:\Program Files\dotnet\packs\Microsoft.NETCore.App.Ref\10.0.8\ref\net10.0\System.dll" /reference:"C:\Program Files\dotnet\packs\Microsoft.WindowsDesktop.App.Ref\10.0.8\ref\net10.0\System.Drawing.Common.dll" /reference:"C:\Program Files\dotnet\packs\Microsoft.WindowsDesktop.App.Ref\10.0.8\ref\net10.0\System.Drawing.Design.dll" /reference:"C:\Program Files\dotnet\packs\Microsoft.WindowsDesktop.App.Ref\10.0.8\ref\net10.0\System.Drawing.dll" /reference:"C:\Program Files\dotnet\packs\Microsoft.NETCore.App.Ref\10.0.8\ref\net10.0\System.Drawing.Primitives.dll" /reference:"C:\Program Files\dotnet\packs\Microsoft.NETCore.App.Ref\10.0.8\ref\net10.0\System.Dynamic.Runtime.dll" /reference:"C:\Program Files\dotnet\packs\Microsoft.NETCore.App.Ref\10.0.8\ref\net10.0\System.Formats.Asn1.dll" /reference:"C:\Program Files\dotnet\packs\Microsoft.WindowsDesktop.App.Ref\10.0.8\ref\net10.0\System.Formats.Nrbf.dll" /reference:"C:\Program Files\dotnet\packs\Microsoft.NETCore.App.Ref\10.0.8\ref\net10.0\System.Formats.Tar.dll" /reference:"C:\Program Files\dotnet\packs\Microsoft.NETCore.App.Ref\10.0.8\ref\net10.0\System.Globalization.Calendars.dll" /reference:"C:\Program Files\dotnet\packs\Microsoft.NETCore.App.Ref\10.0.8\ref\net10.0\System.Globalization.dll" /reference:"C:\Program Files\dotnet\packs\Microsoft.NETCore.App.Ref\10.0.8\ref\net10.0\System.Globalization.Extensions.dll" /reference:"C:\Program Files\dotnet\packs\Microsoft.NETCore.App.Ref\10.0.8\ref\net10.0\System.IO.Compression.Brotli.dll" /reference:"C:\Program Files\dotnet\packs\Microsoft.NETCore.App.Ref\10.0.8\ref\net10.0\System.IO.Compression.dll" /reference:"C:\Program Files\dotnet\packs\Microsoft.NETCore.App.Ref\10.0.8\ref\net10.0\System.IO.Compression.FileSystem.dll" /reference:"C:\Program Files\dotnet\packs\Microsoft.NETCore.App.Ref\10.0.8\ref\net10.0\System.IO.Compression.ZipFile.dll" /reference:"C:\Program Files\dotnet\packs\Microsoft.NETCore.App.Ref\10.0.8\ref\net10.0\System.IO.dll" /reference:"C:\Program Files\dotnet\packs\Microsoft.NETCore.App.Ref\10.0.8\ref\net10.0\System.IO.FileSystem.AccessControl.dll" /reference:"C:\Program Files\dotnet\packs\Microsoft.NETCore.App.Ref\10.0.8\ref\net10.0\System.IO.FileSystem.dll" /reference:"C:\Program Files\dotnet\packs\Microsoft.NETCore.App.Ref\10.0.8\ref\net10.0\System.IO.FileSystem.DriveInfo.dll" /reference:"C:\Program Files\dotnet\packs\Microsoft.NETCore.App.Ref\10.0.8\ref\net10.0\System.IO.FileSystem.Primitives.dll" /reference:"C:\Program Files\dotnet\packs\Microsoft.NETCore.App.Ref\10.0.8\ref\net10.0\System.IO.FileSystem.Watcher.dll" /reference:"C:\Program Files\dotnet\packs\Microsoft.NETCore.App.Ref\10.0.8\ref\net10.0\System.IO.IsolatedStorage.dll" /reference:"C:\Program Files\dotnet\packs\Microsoft.NETCore.App.Ref\10.0.8\ref\net10.0\System.IO.MemoryMappedFiles.dll" /reference:"C:\Program Files\dotnet\packs\Microsoft.WindowsDesktop.App.Ref\10.0.8\ref\net10.0\System.IO.Packaging.dll" /reference:"C:\Program Files\dotnet\packs\Microsoft.NETCore.App.Ref\10.0.8\ref\net10.0\System.IO.Pipelines.dll" /reference:"C:\Program Files\dotnet\packs\Microsoft.NETCore.App.Ref\10.0.8\ref\net10.0\System.IO.Pipes.AccessControl.dll" /reference:"C:\Program Files\dotnet\packs\Microsoft.NETCore.App.Ref\10.0.8\ref\net10.0\System.IO.Pipes.dll" /reference:"C:\Program Files\dotnet\packs\Microsoft.NETCore.App.Ref\10.0.8\ref\net10.0\System.IO.UnmanagedMemoryStream.dll" /reference:"C:\Program Files\dotnet\packs\Microsoft.NETCore.App.Ref\10.0.8\ref\net10.0\System.Linq.AsyncEnumerable.dll" /reference:"C:\Program Files\dotnet\packs\Microsoft.NETCore.App.Ref\10.0.8\ref\net10.0\System.Linq.dll" /reference:"C:\Program Files\dotnet\packs\Microsoft.NETCore.App.Ref\10.0.8\ref\net10.0\System.Linq.Expressions.dll" /reference:"C:\Program Files\dotnet\packs\Microsoft.NETCore.App.Ref\10.0.8\ref\net10.0\System.Linq.Parallel.dll" /reference:"C:\Program Files\dotnet\packs\Microsoft.NETCore.App.Ref\10.0.8\ref\net10.0\System.Linq.Queryable.dll" /reference:C:\Users\grego\.nuget\packages\system.management\8.0.0\lib\net8.0\System.Management.dll /reference:"C:\Program Files\dotnet\packs\Microsoft.NETCore.App.Ref\10.0.8\ref\net10.0\System.Memory.dll" /reference:"C:\Program Files\dotnet\packs\Microsoft.NETCore.App.Ref\10.0.8\ref\net10.0\System.Net.dll" /reference:"C:\Program Files\dotnet\packs\Microsoft.NETCore.App.Ref\10.0.8\ref\net10.0\System.Net.Http.dll" /reference:"C:\Program Files\dotnet\packs\Microsoft.NETCore.App.Ref\10.0.8\ref\net10.0\System.Net.Http.Json.dll" /reference:"C:\Program Files\dotnet\packs\Microsoft.NETCore.App.Ref\10.0.8\ref\net10.0\System.Net.HttpListener.dll" /reference:"C:\Program Files\dotnet\packs\Microsoft.NETCore.App.Ref\10.0.8\ref\net10.0\System.Net.Mail.dll" /reference:"C:\Program Files\dotnet\packs\Microsoft.NETCore.App.Ref\10.0.8\ref\net10.0\System.Net.NameResolution.dll" /reference:"C:\Program Files\dotnet\packs\Microsoft.NETCore.App.Ref\10.0.8\ref\net10.0\System.Net.NetworkInformation.dll" /reference:"C:\Program Files\dotnet\packs\Microsoft.NETCore.App.Ref\10.0.8\ref\net10.0\System.Net.Ping.dll" /reference:"C:\Program Files\dotnet\packs\Microsoft.NETCore.App.Ref\10.0.8\ref\net10.0\System.Net.Primitives.dll" /reference:"C:\Program Files\dotnet\packs\Microsoft.NETCore.App.Ref\10.0.8\ref\net10.0\System.Net.Quic.dll" /reference:"C:\Program Files\dotnet\packs\Microsoft.NETCore.App.Ref\10.0.8\ref\net10.0\System.Net.Requests.dll" /reference:"C:\Program Files\dotnet\packs\Microsoft.NETCore.App.Ref\10.0.8\ref\net10.0\System.Net.Security.dll" /reference:"C:\Program Files\dotnet\packs\Microsoft.NETCore.App.Ref\10.0.8\ref\net10.0\System.Net.ServerSentEvents.dll" /reference:"C:\Program Files\dotnet\packs\Microsoft.NETCore.App.Ref\10.0.8\ref\net10.0\System.Net.ServicePoint.dll" /reference:"C:\Program Files\dotnet\packs\Microsoft.NETCore.App.Ref\10.0.8\ref\net10.0\System.Net.Sockets.dll" /reference:"C:\Program Files\dotnet\packs\Microsoft.NETCore.App.Ref\10.0.8\ref\net10.0\System.Net.WebClient.dll" /reference:"C:\Program Files\dotnet\packs\Microsoft.NETCore.App.Ref\10.0.8\ref\net10.0\System.Net.WebHeaderCollection.dll" /reference:"C:\Program Files\dotnet\packs\Microsoft.NETCore.App.Ref\10.0.8\ref\net10.0\System.Net.WebProxy.dll" /reference:"C:\Program Files\dotnet\packs\Microsoft.NETCore.App.Ref\10.0.8\ref\net10.0\System.Net.WebSockets.Client.dll" /reference:"C:\Program Files\dotnet\packs\Microsoft.NETCore.App.Ref\10.0.8\ref\net10.0\System.Net.WebSockets.dll" /reference:"C:\Program Files\dotnet\packs\Microsoft.NETCore.App.Ref\10.0.8\ref\net10.0\System.Numerics.dll" /reference:"C:\Program Files\dotnet\packs\Microsoft.NETCore.App.Ref\10.0.8\ref\net10.0\System.Numerics.Vectors.dll" /reference:"C:\Program Files\dotnet\packs\Microsoft.NETCore.App.Ref\10.0.8\ref\net10.0\System.ObjectModel.dll" /reference:"C:\Program Files\dotnet\packs\Microsoft.WindowsDesktop.App.Ref\10.0.8\ref\net10.0\System.Private.Windows.Core.dll" /reference:"C:\Program Files\dotnet\packs\Microsoft.WindowsDesktop.App.Ref\10.0.8\ref\net10.0\System.Private.Windows.GdiPlus.dll" /reference:"C:\Program Files\dotnet\packs\Microsoft.NETCore.App.Ref\10.0.8\ref\net10.0\System.Reflection.DispatchProxy.dll" /reference:"C:\Program Files\dotnet\packs\Microsoft.NETCore.App.Ref\10.0.8\ref\net10.0\System.Reflection.dll" /reference:"C:\Program Files\dotnet\packs\Microsoft.NETCore.App.Ref\10.0.8\ref\net10.0\System.Reflection.Emit.dll" /reference:"C:\Program Files\dotnet\packs\Microsoft.NETCore.App.Ref\10.0.8\ref\net10.0\System.Reflection.Emit.ILGeneration.dll" /reference:"C:\Program Files\dotnet\packs\Microsoft.NETCore.App.Ref\10.0.8\ref\net10.0\System.Reflection.Emit.Lightweight.dll" /reference:"C:\Program Files\dotnet\packs\Microsoft.NETCore.App.Ref\10.0.8\ref\net10.0\System.Reflection.Extensions.dll" /reference:"C:\Program Files\dotnet\packs\Microsoft.NETCore.App.Ref\10.0.8\ref\net10.0\System.Reflection.Metadata.dll" /reference:"C:\Program Files\dotnet\packs\Microsoft.NETCore.App.Ref\10.0.8\ref\net10.0\System.Reflection.Primitives.dll" /reference:"C:\Program Files\dotnet\packs\Microsoft.NETCore.App.Ref\10.0.8\ref\net10.0\System.Reflection.TypeExtensions.dll" /reference:"C:\Program Files\dotnet\packs\Microsoft.WindowsDesktop.App.Ref\10.0.8\ref\net10.0\System.Resources.Extensions.dll" /reference:"C:\Program Files\dotnet\packs\Microsoft.NETCore.App.Ref\10.0.8\ref\net10.0\System.Resources.Reader.dll" /reference:"C:\Program Files\dotnet\packs\Microsoft.NETCore.App.Ref\10.0.8\ref\net10.0\System.Resources.ResourceManager.dll" /reference:"C:\Program Files\dotnet\packs\Microsoft.NETCore.App.Ref\10.0.8\ref\net10.0\System.Resources.Writer.dll" /reference:"C:\Program Files\dotnet\packs\Microsoft.NETCore.App.Ref\10.0.8\ref\net10.0\System.Runtime.CompilerServices.Unsafe.dll" /reference:"C:\Program Files\dotnet\packs\Microsoft.NETCore.App.Ref\10.0.8\ref\net10.0\System.Runtime.CompilerServices.VisualC.dll" /reference:"C:\Program Files\dotnet\packs\Microsoft.NETCore.App.Ref\10.0.8\ref\net10.0\System.Runtime.dll" /reference:"C:\Program Files\dotnet\packs\Microsoft.NETCore.App.Ref\10.0.8\ref\net10.0\System.Runtime.Extensions.dll" /reference:"C:\Program Files\dotnet\packs\Microsoft.NETCore.App.Ref\10.0.8\ref\net10.0\System.Runtime.Handles.dll" /reference:"C:\Program Files\dotnet\packs\Microsoft.NETCore.App.Ref\10.0.8\ref\net10.0\System.Runtime.InteropServices.dll" /reference:"C:\Program Files\dotnet\packs\Microsoft.NETCore.App.Ref\10.0.8\ref\net10.0\System.Runtime.InteropServices.JavaScript.dll" /reference:"C:\Program Files\dotnet\packs\Microsoft.NETCore.App.Ref\10.0.8\ref\net10.0\System.Runtime.InteropServices.RuntimeInformation.dll" /reference:"C:\Program Files\dotnet\packs\Microsoft.NETCore.App.Ref\10.0.8\ref\net10.0\System.Runtime.Intrinsics.dll" /reference:"C:\Program Files\dotnet\packs\Microsoft.NETCore.App.Ref\10.0.8\ref\net10.0\System.Runtime.Loader.dll" /reference:"C:\Program Files\dotnet\packs\Microsoft.NETCore.App.Ref\10.0.8\ref\net10.0\System.Runtime.Numerics.dll" /reference:"C:\Program Files\dotnet\packs\Microsoft.NETCore.App.Ref\10.0.8\ref\net10.0\System.Runtime.Serialization.dll" /reference:"C:\Program Files\dotnet\packs\Microsoft.NETCore.App.Ref\10.0.8\ref\net10.0\System.Runtime.Serialization.Formatters.dll" /reference:"C:\Program Files\dotnet\packs\Microsoft.NETCore.App.Ref\10.0.8\ref\net10.0\System.Runtime.Serialization.Json.dll" /reference:"C:\Program Files\dotnet\packs\Microsoft.NETCore.App.Ref\10.0.8\ref\net10.0\System.Runtime.Serialization.Primitives.dll" /reference:"C:\Program Files\dotnet\packs\Microsoft.NETCore.App.Ref\10.0.8\ref\net10.0\System.Runtime.Serialization.Xml.dll" /reference:"C:\Program Files\dotnet\packs\Microsoft.NETCore.App.Ref\10.0.8\ref\net10.0\System.Security.AccessControl.dll" /reference:"C:\Program Files\dotnet\packs\Microsoft.NETCore.App.Ref\10.0.8\ref\net10.0\System.Security.Claims.dll" /reference:"C:\Program Files\dotnet\packs\Microsoft.NETCore.App.Ref\10.0.8\ref\net10.0\System.Security.Cryptography.Algorithms.dll" /reference:"C:\Program Files\dotnet\packs\Microsoft.NETCore.App.Ref\10.0.8\ref\net10.0\System.Security.Cryptography.Cng.dll" /reference:"C:\Program Files\dotnet\packs\Microsoft.NETCore.App.Ref\10.0.8\ref\net10.0\System.Security.Cryptography.Csp.dll" /reference:"C:\Program Files\dotnet\packs\Microsoft.NETCore.App.Ref\10.0.8\ref\net10.0\System.Security.Cryptography.dll" /reference:"C:\Program Files\dotnet\packs\Microsoft.NETCore.App.Ref\10.0.8\ref\net10.0\System.Security.Cryptography.Encoding.dll" /reference:"C:\Program Files\dotnet\packs\Microsoft.NETCore.App.Ref\10.0.8\ref\net10.0\System.Security.Cryptography.OpenSsl.dll" /reference:"C:\Program Files\dotnet\packs\Microsoft.WindowsDesktop.App.Ref\10.0.8\ref\net10.0\System.Security.Cryptography.Pkcs.dll" /reference:"C:\Program Files\dotnet\packs\Microsoft.NETCore.App.Ref\10.0.8\ref\net10.0\System.Security.Cryptography.Primitives.dll" /reference:"C:\Program Files\dotnet\packs\Microsoft.WindowsDesktop.App.Ref\10.0.8\ref\net10.0\System.Security.Cryptography.ProtectedData.dll" /reference:"C:\Program Files\dotnet\packs\Microsoft.NETCore.App.Ref\10.0.8\ref\net10.0\System.Security.Cryptography.X509Certificates.dll" /reference:"C:\Program Files\dotnet\packs\Microsoft.WindowsDesktop.App.Ref\10.0.8\ref\net10.0\System.Security.Cryptography.Xml.dll" /reference:"C:\Program Files\dotnet\packs\Microsoft.NETCore.App.Ref\10.0.8\ref\net10.0\System.Security.dll" /reference:"C:\Program Files\dotnet\packs\Microsoft.WindowsDesktop.App.Ref\10.0.8\ref\net10.0\System.Security.Permissions.dll" /reference:"C:\Program Files\dotnet\packs\Microsoft.NETCore.App.Ref\10.0.8\ref\net10.0\System.Security.Principal.dll" /reference:"C:\Program Files\dotnet\packs\Microsoft.NETCore.App.Ref\10.0.8\ref\net10.0\System.Security.Principal.Windows.dll" /reference:"C:\Program Files\dotnet\packs\Microsoft.NETCore.App.Ref\10.0.8\ref\net10.0\System.Security.SecureString.dll" /reference:"C:\Program Files\dotnet\packs\Microsoft.NETCore.App.Ref\10.0.8\ref\net10.0\System.ServiceModel.Web.dll" /reference:"C:\Program Files\dotnet\packs\Microsoft.NETCore.App.Ref\10.0.8\ref\net10.0\System.ServiceProcess.dll" /reference:"C:\Program Files\dotnet\packs\Microsoft.NETCore.App.Ref\10.0.8\ref\net10.0\System.Text.Encoding.CodePages.dll" /reference:"C:\Program Files\dotnet\packs\Microsoft.NETCore.App.Ref\10.0.8\ref\net10.0\System.Text.Encoding.dll" /reference:"C:\Program Files\dotnet\packs\Microsoft.NETCore.App.Ref\10.0.8\ref\net10.0\System.Text.Encoding.Extensions.dll" /reference:"C:\Program Files\dotnet\packs\Microsoft.NETCore.App.Ref\10.0.8\ref\net10.0\System.Text.Encodings.Web.dll" /reference:"C:\Program Files\dotnet\packs\Microsoft.NETCore.App.Ref\10.0.8\ref\net10.0\System.Text.Json.dll" /reference:"C:\Program Files\dotnet\packs\Microsoft.NETCore.App.Ref\10.0.8\ref\net10.0\System.Text.RegularExpressions.dll" /reference:"C:\Program Files\dotnet\packs\Microsoft.NETCore.App.Ref\10.0.8\ref\net10.0\System.Threading.AccessControl.dll" /reference:"C:\Program Files\dotnet\packs\Microsoft.NETCore.App.Ref\10.0.8\ref\net10.0\System.Threading.Channels.dll" /reference:"C:\Program Files\dotnet\packs\Microsoft.NETCore.App.Ref\10.0.8\ref\net10.0\System.Threading.dll" /reference:"C:\Program Files\dotnet\packs\Microsoft.NETCore.App.Ref\10.0.8\ref\net10.0\System.Threading.Overlapped.dll" /reference:"C:\Program Files\dotnet\packs\Microsoft.NETCore.App.Ref\10.0.8\ref\net10.0\System.Threading.Tasks.Dataflow.dll" /reference:"C:\Program Files\dotnet\packs\Microsoft.NETCore.App.Ref\10.0.8\ref\net10.0\System.Threading.Tasks.dll" /reference:"C:\Program Files\dotnet\packs\Microsoft.NETCore.App.Ref\10.0.8\ref\net10.0\System.Threading.Tasks.Extensions.dll" /reference:"C:\Program Files\dotnet\packs\Microsoft.NETCore.App.Ref\10.0.8\ref\net10.0\System.Threading.Tasks.Parallel.dll" /reference:"C:\Program Files\dotnet\packs\Microsoft.NETCore.App.Ref\10.0.8\ref\net10.0\System.Threading.Thread.dll" /reference:"C:\Program Files\dotnet\packs\Microsoft.NETCore.App.Ref\10.0.8\ref\net10.0\System.Threading.ThreadPool.dll" /reference:"C:\Program Files\dotnet\packs\Microsoft.NETCore.App.Ref\10.0.8\ref\net10.0\System.Threading.Timer.dll" /reference:"C:\Program Files\dotnet\packs\Microsoft.NETCore.App.Ref\10.0.8\ref\net10.0\System.Transactions.dll" /reference:"C:\Program Files\dotnet\packs\Microsoft.NETCore.App.Ref\10.0.8\ref\net10.0\System.Transactions.Local.dll" /reference:"C:\Program Files\dotnet\packs\Microsoft.NETCore.App.Ref\10.0.8\ref\net10.0\System.ValueTuple.dll" /reference:"C:\Program Files\dotnet\packs\Microsoft.NETCore.App.Ref\10.0.8\ref\net10.0\System.Web.dll" /reference:"C:\Program Files\dotnet\packs\Microsoft.NETCore.App.Ref\10.0.8\ref\net10.0\System.Web.HttpUtility.dll" /reference:"C:\Program Files\dotnet\packs\Microsoft.NETCore.App.Ref\10.0.8\ref\net10.0\System.Windows.dll" /reference:"C:\Program Files\dotnet\packs\Microsoft.WindowsDesktop.App.Ref\10.0.8\ref\net10.0\System.Windows.Extensions.dll" /reference:"C:\Program Files\dotnet\packs\Microsoft.WindowsDesktop.App.Ref\10.0.8\ref\net10.0\System.Windows.Forms.Design.dll" /reference:"C:\Program Files\dotnet\packs\Microsoft.WindowsDesktop.App.Ref\10.0.8\ref\net10.0\System.Windows.Forms.Design.Editors.dll" /reference:"C:\Program Files\dotnet\packs\Microsoft.WindowsDesktop.App.Ref\10.0.8\ref\net10.0\System.Windows.Forms.dll" /reference:"C:\Program Files\dotnet\packs\Microsoft.WindowsDesktop.App.Ref\10.0.8\ref\net10.0\System.Windows.Forms.Primitives.dll" /reference:"C:\Program Files\dotnet\packs\Microsoft.NETCore.App.Ref\10.0.8\ref\net10.0\System.Xml.dll" /reference:"C:\Program Files\dotnet\packs\Microsoft.NETCore.App.Ref\10.0.8\ref\net10.0\System.Xml.Linq.dll" /reference:"C:\Program Files\dotnet\packs\Microsoft.NETCore.App.Ref\10.0.8\ref\net10.0\System.Xml.ReaderWriter.dll" /reference:"C:\Program Files\dotnet\packs\Microsoft.NETCore.App.Ref\10.0.8\ref\net10.0\System.Xml.Serialization.dll" /reference:"C:\Program Files\dotnet\packs\Microsoft.NETCore.App.Ref\10.0.8\ref\net10.0\System.Xml.XDocument.dll" /reference:"C:\Program Files\dotnet\packs\Microsoft.NETCore.App.Ref\10.0.8\ref\net10.0\System.Xml.XmlDocument.dll" /reference:"C:\Program Files\dotnet\packs\Microsoft.NETCore.App.Ref\10.0.8\ref\net10.0\System.Xml.XmlSerializer.dll" /reference:"C:\Program Files\dotnet\packs\Microsoft.NETCore.App.Ref\10.0.8\ref\net10.0\System.Xml.XPath.dll" /reference:"C:\Program Files\dotnet\packs\Microsoft.NETCore.App.Ref\10.0.8\ref\net10.0\System.Xml.XPath.XDocument.dll" /reference:C:\Users\grego\.nuget\packages\microsoft.testplatform.testhost\17.14.1\lib\net8.0\testhost.dll /reference:"C:\Program Files\dotnet\packs\Microsoft.NETCore.App.Ref\10.0.8\ref\net10.0\WindowsBase.dll" /reference:C:\Users\grego\.nuget\packages\xunit.abstractions\2.0.3\lib\netstandard2.0\xunit.abstractions.dll /reference:C:\Users\grego\.nuget\packages\xunit.assert\2.9.3\lib\net6.0\xunit.assert.dll /reference:C:\Users\grego\.nuget\packages\xunit.extensibility.core\2.9.3\lib\netstandard1.1\xunit.core.dll /reference:C:\Users\grego\.nuget\packages\xunit.extensibility.execution\2.9.3\lib\netstandard1.1\xunit.execution.dotnet.dll /features:"InterceptorsNamespaces=;Microsoft.Extensions.Validation.Generated" /debug+ /debug:portable /filealign:512 /optimize- /out:obj\Debug\net10.0-windows\SATUI.UITests.dll /refout:obj\Debug\net10.0-windows\refint\SATUI.UITests.dll /target:exe /warnaserror- /utf8output /deterministic+ /sourcelink:obj\Debug\net10.0-windows\SATUI.UITests.sourcelink.json /langversion:14.0 /embed:C:\Users\grego\.nuget\packages\microsoft.net.test.sdk\17.14.1\build\net8.0\Microsoft.NET.Test.Sdk.Program.cs /embed:obj\Debug\net10.0-windows\SATUI.UITests.GlobalUsings.g.cs /embed:"obj\Debug\net10.0-windows\.NETCoreApp,Version=v10.0.AssemblyAttributes.cs" /embed:obj\Debug\net10.0-windows\SATUI.UITests.AssemblyInfo.cs /analyzerconfig:obj\Debug\net10.0-windows\SATUI.UITests.GeneratedMSBuildEditorConfig.editorconfig /analyzerconfig:"C:\Program Files\dotnet\sdk\10.0.300\Sdks\Microsoft.NET.Sdk\analyzers\build\config\analysislevel_10_default.globalconfig" /analyzer:"C:\Program Files\dotnet\sdk\10.0.300\Sdks\Microsoft.NET.Sdk\targets\..\analyzers\Microsoft.CodeAnalysis.CSharp.NetAnalyzers.dll" /analyzer:"C:\Program Files\dotnet\sdk\10.0.300\Sdks\Microsoft.NET.Sdk\targets\..\analyzers\Microsoft.CodeAnalysis.NetAnalyzers.dll" /analyzer:C:\Users\grego\.nuget\packages\xunit.analyzers\1.18.0\analyzers\dotnet\cs\xunit.analyzers.dll /analyzer:C:\Users\grego\.nuget\packages\xunit.analyzers\1.18.0\analyzers\dotnet\cs\xunit.analyzers.fixes.dll /analyzer:"C:\Program Files\dotnet\packs\Microsoft.NETCore.App.Ref\10.0.8\analyzers/dotnet/cs/Microsoft.Interop.ComInterfaceGenerator.dll" /analyzer:"C:\Program Files\dotnet\packs\Microsoft.NETCore.App.Ref\10.0.8\analyzers/dotnet/cs/Microsoft.Interop.JavaScript.JSImportGenerator.dll" /analyzer:"C:\Program Files\dotnet\packs\Microsoft.NETCore.App.Ref\10.0.8\analyzers/dotnet/cs/Microsoft.Interop.LibraryImportGenerator.dll" /analyzer:"C:\Program Files\dotnet\packs\Microsoft.NETCore.App.Ref\10.0.8\analyzers/dotnet/cs/Microsoft.Interop.SourceGeneration.dll" /analyzer:"C:\Program Files\dotnet\packs\Microsoft.NETCore.App.Ref\10.0.8\analyzers/dotnet/cs/System.Text.Json.SourceGeneration.dll" /analyzer:"C:\Program Files\dotnet\packs\Microsoft.NETCore.App.Ref\10.0.8\analyzers/dotnet/cs/System.Text.RegularExpressions.Generator.dll" /analyzer:"C:\Program Files\dotnet\packs\Microsoft.WindowsDesktop.App.Ref\10.0.8\analyzers/dotnet/System.Windows.Forms.Analyzers.dll" /analyzer:"C:\Program Files\dotnet\packs\Microsoft.WindowsDesktop.App.Ref\10.0.8\analyzers/dotnet/cs/System.Windows.Forms.Analyzers.CSharp.dll" /analyzer:"C:\Program Files\dotnet\packs\Microsoft.WindowsDesktop.App.Ref\10.0.8\analyzers/dotnet/cs/System.Windows.Forms.Analyzers.CodeFixes.CSharp.dll" Infrastructure\AppHarness.cs Infrastructure\LocalHttpServer.cs Tests\LicenseFlowTests.cs Tests\MainWindowTests.cs Tests\SettingsDialogTests.cs C:\Users\grego\.nuget\packages\microsoft.net.test.sdk\17.14.1\build\net8.0\Microsoft.NET.Test.Sdk.Program.cs obj\Debug\net10.0-windows\SATUI.UITests.GlobalUsings.g.cs "obj\Debug\net10.0-windows\.NETCoreApp,Version=v10.0.AssemblyAttributes.cs" obj\Debug\net10.0-windows\SATUI.UITests.AssemblyInfo.cs /warnaserror+:NU1605,SYSLIB0011
         Compilation request SATUI.UITests (net10.0-windows), PathToTool=C:\Program Files\dotnet\sdk\10.0.300\Roslyn\bincore\csc.exe
         CommandLine = ' /noconfig'
         BuildResponseFile = '/unsafe- /checked- /nowarn:1701,1702,1701,1702,8002 /fullpaths /nostdlib+ /errorreport:prompt /warn:10 /define:TRACE;DEBUG;NET;NET10_0;NETCOREAPP;WINDOWS;WINDOWS7_0;NET5_0_OR_GREATER;NET6_0_OR_GREATER;NET7_0_OR_GREATER;NET8_0_OR_GREATER;NET9_0_OR_GREATER;NET10_0_OR_GREATER;NETCOREAPP1_0_OR_GREATER;NETCOREAPP1_1_OR_GREATER;NETCOREAPP2_0_OR_GREATER;NETCOREAPP2_1_OR_GREATER;NETCOREAPP2_2_OR_GREATER;NETCOREAPP3_0_OR_GREATER;NETCOREAPP3_1_OR_GREATER;WINDOWS7_0_OR_GREATER /highentropyva+ /nullable:enable /reference:"C:\Program Files\dotnet\packs\Microsoft.WindowsDesktop.App.Ref\10.0.8\ref\net10.0\Accessibility.dll" /reference:C:\Users\grego\.nuget\packages\diffengine\11.3.0\lib\net7.0\DiffEngine.dll /reference:C:\Users\grego\.nuget\packages\emptyfiles\4.4.0\lib\net7.0\EmptyFiles.dll /reference:C:\Users\grego\.nuget\packages\flaui.core\5.0.0\lib\net8.0-windows7.0\FlaUI.Core.dll /reference:C:\Users\grego\.nuget\packages\flaui.uia3\5.0.0\lib\net8.0-windows7.0\FlaUI.UIA3.dll /reference:C:\Users\grego\.nuget\packages\interop.uiautomationclient\10.19041.0\lib\netcoreapp3.0\Interop.UIAutomationClient.dll /reference:"C:\Program Files\dotnet\packs\Microsoft.NETCore.App.Ref\10.0.8\ref\net10.0\Microsoft.CSharp.dll" /reference:C:\Users\grego\.nuget\packages\microsoft.testplatform.testhost\17.14.1\lib\net8.0\Microsoft.TestPlatform.CommunicationUtilities.dll /reference:C:\Users\grego\.nuget\packages\microsoft.testplatform.testhost\17.14.1\lib\net8.0\Microsoft.TestPlatform.CoreUtilities.dll /reference:C:\Users\grego\.nuget\packages\microsoft.testplatform.testhost\17.14.1\lib\net8.0\Microsoft.TestPlatform.CrossPlatEngine.dll /reference:C:\Users\grego\.nuget\packages\microsoft.testplatform.testhost\17.14.1\lib\net8.0\Microsoft.TestPlatform.PlatformAbstractions.dll /reference:C:\Users\grego\.nuget\packages\microsoft.testplatform.testhost\17.14.1\lib\net8.0\Microsoft.TestPlatform.Utilities.dll /reference:"C:\Program Files\dotnet\packs\Microsoft.NETCore.App.Ref\10.0.8\ref\net10.0\Microsoft.VisualBasic.Core.dll" /reference:"C:\Program Files\dotnet\packs\Microsoft.WindowsDesktop.App.Ref\10.0.8\ref\net10.0\Microsoft.VisualBasic.dll" /reference:"C:\Program Files\dotnet\packs\Microsoft.WindowsDesktop.App.Ref\10.0.8\ref\net10.0\Microsoft.VisualBasic.Forms.dll" /reference:C:\Users\grego\.nuget\packages\microsoft.codecoverage\17.14.1\lib\net8.0\Microsoft.VisualStudio.CodeCoverage.Shim.dll /reference:C:\Users\grego\.nuget\packages\microsoft.testplatform.testhost\17.14.1\lib\net8.0\Microsoft.VisualStudio.TestPlatform.Common.dll /reference:C:\Users\grego\.nuget\packages\microsoft.testplatform.testhost\17.14.1\lib\net8.0\Microsoft.VisualStudio.TestPlatform.ObjectModel.dll /reference:"C:\Program Files\dotnet\packs\Microsoft.NETCore.App.Ref\10.0.8\ref\net10.0\Microsoft.Win32.Primitives.dll" /reference:"C:\Program Files\dotnet\packs\Microsoft.WindowsDesktop.App.Ref\10.0.8\ref\net10.0\Microsoft.Win32.Registry.AccessControl.dll" /reference:"C:\Program Files\dotnet\packs\Microsoft.NETCore.App.Ref\10.0.8\ref\net10.0\Microsoft.Win32.Registry.dll" /reference:"C:\Program Files\dotnet\packs\Microsoft.WindowsDesktop.App.Ref\10.0.8\ref\net10.0\Microsoft.Win32.SystemEvents.dll" /reference:"C:\Program Files\dotnet\packs\Microsoft.NETCore.App.Ref\10.0.8\ref\net10.0\mscorlib.dll" /reference:"C:\Program Files\dotnet\packs\Microsoft.NETCore.App.Ref\10.0.8\ref\net10.0\netstandard.dll" /reference:C:\Users\grego\.nuget\packages\newtonsoft.json\13.0.3\lib\net6.0\Newtonsoft.Json.dll /reference:C:\Users\grego\.nuget\packages\shouldly\4.3.0\lib\net9.0\Shouldly.dll /reference:"C:\Program Files\dotnet\packs\Microsoft.NETCore.App.Ref\10.0.8\ref\net10.0\System.AppContext.dll" /reference:"C:\Program Files\dotnet\packs\Microsoft.NETCore.App.Ref\10.0.8\ref\net10.0\System.Buffers.dll" /reference:"C:\Program Files\dotnet\packs\Microsoft.WindowsDesktop.App.Ref\10.0.8\ref\net10.0\System.CodeDom.dll" /reference:"C:\Program Files\dotnet\packs\Microsoft.NETCore.App.Ref\10.0.8\ref\net10.0\System.Collections.Concurrent.dll" /reference:"C:\Program Files\dotnet\packs\Microsoft.NETCore.App.Ref\10.0.8\ref\net10.0\System.Collections.dll" /reference:"C:\Program Files\dotnet\packs\Microsoft.NETCore.App.Ref\10.0.8\ref\net10.0\System.Collections.Immutable.dll" /reference:"C:\Program Files\dotnet\packs\Microsoft.NETCore.App.Ref\10.0.8\ref\net10.0\System.Collections.NonGeneric.dll" /reference:"C:\Program Files\dotnet\packs\Microsoft.NETCore.App.Ref\10.0.8\ref\net10.0\System.Collections.Specialized.dll" /reference:"C:\Program Files\dotnet\packs\Microsoft.NETCore.App.Ref\10.0.8\ref\net10.0\System.ComponentModel.Annotations.dll" /reference:"C:\Program Files\dotnet\packs\Microsoft.NETCore.App.Ref\10.0.8\ref\net10.0\System.ComponentModel.DataAnnotations.dll" /reference:"C:\Program Files\dotnet\packs\Microsoft.NETCore.App.Ref\10.0.8\ref\net10.0\System.ComponentModel.dll" /reference:"C:\Program Files\dotnet\packs\Microsoft.NETCore.App.Ref\10.0.8\ref\net10.0\System.ComponentModel.EventBasedAsync.dll" /reference:"C:\Program Files\dotnet\packs\Microsoft.NETCore.App.Ref\10.0.8\ref\net10.0\System.ComponentModel.Primitives.dll" /reference:"C:\Program Files\dotnet\packs\Microsoft.NETCore.App.Ref\10.0.8\ref\net10.0\System.ComponentModel.TypeConverter.dll" /reference:"C:\Program Files\dotnet\packs\Microsoft.WindowsDesktop.App.Ref\10.0.8\ref\net10.0\System.Configuration.ConfigurationManager.dll" /reference:"C:\Program Files\dotnet\packs\Microsoft.NETCore.App.Ref\10.0.8\ref\net10.0\System.Configuration.dll" /reference:"C:\Program Files\dotnet\packs\Microsoft.NETCore.App.Ref\10.0.8\ref\net10.0\System.Console.dll" /reference:"C:\Program Files\dotnet\packs\Microsoft.NETCore.App.Ref\10.0.8\ref\net10.0\System.Core.dll" /reference:"C:\Program Files\dotnet\packs\Microsoft.NETCore.App.Ref\10.0.8\ref\net10.0\System.Data.Common.dll" /reference:"C:\Program Files\dotnet\packs\Microsoft.NETCore.App.Ref\10.0.8\ref\net10.0\System.Data.DataSetExtensions.dll" /reference:"C:\Program Files\dotnet\packs\Microsoft.NETCore.App.Ref\10.0.8\ref\net10.0\System.Data.dll" /reference:"C:\Program Files\dotnet\packs\Microsoft.WindowsDesktop.App.Ref\10.0.8\ref\net10.0\System.Design.dll" /reference:"C:\Program Files\dotnet\packs\Microsoft.NETCore.App.Ref\10.0.8\ref\net10.0\System.Diagnostics.Contracts.dll" /reference:"C:\Program Files\dotnet\packs\Microsoft.NETCore.App.Ref\10.0.8\ref\net10.0\System.Diagnostics.Debug.dll" /reference:"C:\Program Files\dotnet\packs\Microsoft.NETCore.App.Ref\10.0.8\ref\net10.0\System.Diagnostics.DiagnosticSource.dll" /reference:"C:\Program Files\dotnet\packs\Microsoft.WindowsDesktop.App.Ref\10.0.8\ref\net10.0\System.Diagnostics.EventLog.dll" /reference:"C:\Program Files\dotnet\packs\Microsoft.NETCore.App.Ref\10.0.8\ref\net10.0\System.Diagnostics.FileVersionInfo.dll" /reference:"C:\Program Files\dotnet\packs\Microsoft.WindowsDesktop.App.Ref\10.0.8\ref\net10.0\System.Diagnostics.PerformanceCounter.dll" /reference:"C:\Program Files\dotnet\packs\Microsoft.NETCore.App.Ref\10.0.8\ref\net10.0\System.Diagnostics.Process.dll" /reference:"C:\Program Files\dotnet\packs\Microsoft.NETCore.App.Ref\10.0.8\ref\net10.0\System.Diagnostics.StackTrace.dll" /reference:"C:\Program Files\dotnet\packs\Microsoft.NETCore.App.Ref\10.0.8\ref\net10.0\System.Diagnostics.TextWriterTraceListener.dll" /reference:"C:\Program Files\dotnet\packs\Microsoft.NETCore.App.Ref\10.0.8\ref\net10.0\System.Diagnostics.Tools.dll" /reference:"C:\Program Files\dotnet\packs\Microsoft.NETCore.App.Ref\10.0.8\ref\net10.0\System.Diagnostics.TraceSource.dll" /reference:"C:\Program Files\dotnet\packs\Microsoft.NETCore.App.Ref\10.0.8\ref\net10.0\System.Diagnostics.Tracing.dll" /reference:"C:\Program Files\dotnet\packs\Microsoft.WindowsDesktop.App.Ref\10.0.8\ref\net10.0\System.DirectoryServices.dll" /reference:"C:\Program Files\dotnet\packs\Microsoft.NETCore.App.Ref\10.0.8\ref\net10.0\System.dll" /reference:"C:\Program Files\dotnet\packs\Microsoft.WindowsDesktop.App.Ref\10.0.8\ref\net10.0\System.Drawing.Common.dll" /reference:"C:\Program Files\dotnet\packs\Microsoft.WindowsDesktop.App.Ref\10.0.8\ref\net10.0\System.Drawing.Design.dll" /reference:"C:\Program Files\dotnet\packs\Microsoft.WindowsDesktop.App.Ref\10.0.8\ref\net10.0\System.Drawing.dll" /reference:"C:\Program Files\dotnet\packs\Microsoft.NETCore.App.Ref\10.0.8\ref\net10.0\System.Drawing.Primitives.dll" /reference:"C:\Program Files\dotnet\packs\Microsoft.NETCore.App.Ref\10.0.8\ref\net10.0\System.Dynamic.Runtime.dll" /reference:"C:\Program Files\dotnet\packs\Microsoft.NETCore.App.Ref\10.0.8\ref\net10.0\System.Formats.Asn1.dll" /reference:"C:\Program Files\dotnet\packs\Microsoft.WindowsDesktop.App.Ref\10.0.8\ref\net10.0\System.Formats.Nrbf.dll" /reference:"C:\Program Files\dotnet\packs\Microsoft.NETCore.App.Ref\10.0.8\ref\net10.0\System.Formats.Tar.dll" /reference:"C:\Program Files\dotnet\packs\Microsoft.NETCore.App.Ref\10.0.8\ref\net10.0\System.Globalization.Calendars.dll" /reference:"C:\Program Files\dotnet\packs\Microsoft.NETCore.App.Ref\10.0.8\ref\net10.0\System.Globalization.dll" /reference:"C:\Program Files\dotnet\packs\Microsoft.NETCore.App.Ref\10.0.8\ref\net10.0\System.Globalization.Extensions.dll" /reference:"C:\Program Files\dotnet\packs\Microsoft.NETCore.App.Ref\10.0.8\ref\net10.0\System.IO.Compression.Brotli.dll" /reference:"C:\Program Files\dotnet\packs\Microsoft.NETCore.App.Ref\10.0.8\ref\net10.0\System.IO.Compression.dll" /reference:"C:\Program Files\dotnet\packs\Microsoft.NETCore.App.Ref\10.0.8\ref\net10.0\System.IO.Compression.FileSystem.dll" /reference:"C:\Program Files\dotnet\packs\Microsoft.NETCore.App.Ref\10.0.8\ref\net10.0\System.IO.Compression.ZipFile.dll" /reference:"C:\Program Files\dotnet\packs\Microsoft.NETCore.App.Ref\10.0.8\ref\net10.0\System.IO.dll" /reference:"C:\Program Files\dotnet\packs\Microsoft.NETCore.App.Ref\10.0.8\ref\net10.0\System.IO.FileSystem.AccessControl.dll" /reference:"C:\Program Files\dotnet\packs\Microsoft.NETCore.App.Ref\10.0.8\ref\net10.0\System.IO.FileSystem.dll" /reference:"C:\Program Files\dotnet\packs\Microsoft.NETCore.App.Ref\10.0.8\ref\net10.0\System.IO.FileSystem.DriveInfo.dll" /reference:"C:\Program Files\dotnet\packs\Microsoft.NETCore.App.Ref\10.0.8\ref\net10.0\System.IO.FileSystem.Primitives.dll" /reference:"C:\Program Files\dotnet\packs\Microsoft.NETCore.App.Ref\10.0.8\ref\net10.0\System.IO.FileSystem.Watcher.dll" /reference:"C:\Program Files\dotnet\packs\Microsoft.NETCore.App.Ref\10.0.8\ref\net10.0\System.IO.IsolatedStorage.dll" /reference:"C:\Program Files\dotnet\packs\Microsoft.NETCore.App.Ref\10.0.8\ref\net10.0\System.IO.MemoryMappedFiles.dll" /reference:"C:\Program Files\dotnet\packs\Microsoft.WindowsDesktop.App.Ref\10.0.8\ref\net10.0\System.IO.Packaging.dll" /reference:"C:\Program Files\dotnet\packs\Microsoft.NETCore.App.Ref\10.0.8\ref\net10.0\System.IO.Pipelines.dll" /reference:"C:\Program Files\dotnet\packs\Microsoft.NETCore.App.Ref\10.0.8\ref\net10.0\System.IO.Pipes.AccessControl.dll" /reference:"C:\Program Files\dotnet\packs\Microsoft.NETCore.App.Ref\10.0.8\ref\net10.0\System.IO.Pipes.dll" /reference:"C:\Program Files\dotnet\packs\Microsoft.NETCore.App.Ref\10.0.8\ref\net10.0\System.IO.UnmanagedMemoryStream.dll" /reference:"C:\Program Files\dotnet\packs\Microsoft.NETCore.App.Ref\10.0.8\ref\net10.0\System.Linq.AsyncEnumerable.dll" /reference:"C:\Program Files\dotnet\packs\Microsoft.NETCore.App.Ref\10.0.8\ref\net10.0\System.Linq.dll" /reference:"C:\Program Files\dotnet\packs\Microsoft.NETCore.App.Ref\10.0.8\ref\net10.0\System.Linq.Expressions.dll" /reference:"C:\Program Files\dotnet\packs\Microsoft.NETCore.App.Ref\10.0.8\ref\net10.0\System.Linq.Parallel.dll" /reference:"C:\Program Files\dotnet\packs\Microsoft.NETCore.App.Ref\10.0.8\ref\net10.0\System.Linq.Queryable.dll" /reference:C:\Users\grego\.nuget\packages\system.management\8.0.0\lib\net8.0\System.Management.dll /reference:"C:\Program Files\dotnet\packs\Microsoft.NETCore.App.Ref\10.0.8\ref\net10.0\System.Memory.dll" /reference:"C:\Program Files\dotnet\packs\Microsoft.NETCore.App.Ref\10.0.8\ref\net10.0\System.Net.dll" /reference:"C:\Program Files\dotnet\packs\Microsoft.NETCore.App.Ref\10.0.8\ref\net10.0\System.Net.Http.dll" /reference:"C:\Program Files\dotnet\packs\Microsoft.NETCore.App.Ref\10.0.8\ref\net10.0\System.Net.Http.Json.dll" /reference:"C:\Program Files\dotnet\packs\Microsoft.NETCore.App.Ref\10.0.8\ref\net10.0\System.Net.HttpListener.dll" /reference:"C:\Program Files\dotnet\packs\Microsoft.NETCore.App.Ref\10.0.8\ref\net10.0\System.Net.Mail.dll" /reference:"C:\Program Files\dotnet\packs\Microsoft.NETCore.App.Ref\10.0.8\ref\net10.0\System.Net.NameResolution.dll" /reference:"C:\Program Files\dotnet\packs\Microsoft.NETCore.App.Ref\10.0.8\ref\net10.0\System.Net.NetworkInformation.dll" /reference:"C:\Program Files\dotnet\packs\Microsoft.NETCore.App.Ref\10.0.8\ref\net10.0\System.Net.Ping.dll" /reference:"C:\Program Files\dotnet\packs\Microsoft.NETCore.App.Ref\10.0.8\ref\net10.0\System.Net.Primitives.dll" /reference:"C:\Program Files\dotnet\packs\Microsoft.NETCore.App.Ref\10.0.8\ref\net10.0\System.Net.Quic.dll" /reference:"C:\Program Files\dotnet\packs\Microsoft.NETCore.App.Ref\10.0.8\ref\net10.0\System.Net.Requests.dll" /reference:"C:\Program Files\dotnet\packs\Microsoft.NETCore.App.Ref\10.0.8\ref\net10.0\System.Net.Security.dll" /reference:"C:\Program Files\dotnet\packs\Microsoft.NETCore.App.Ref\10.0.8\ref\net10.0\System.Net.ServerSentEvents.dll" /reference:"C:\Program Files\dotnet\packs\Microsoft.NETCore.App.Ref\10.0.8\ref\net10.0\System.Net.ServicePoint.dll" /reference:"C:\Program Files\dotnet\packs\Microsoft.NETCore.App.Ref\10.0.8\ref\net10.0\System.Net.Sockets.dll" /reference:"C:\Program Files\dotnet\packs\Microsoft.NETCore.App.Ref\10.0.8\ref\net10.0\System.Net.WebClient.dll" /reference:"C:\Program Files\dotnet\packs\Microsoft.NETCore.App.Ref\10.0.8\ref\net10.0\System.Net.WebHeaderCollection.dll" /reference:"C:\Program Files\dotnet\packs\Microsoft.NETCore.App.Ref\10.0.8\ref\net10.0\System.Net.WebProxy.dll" /reference:"C:\Program Files\dotnet\packs\Microsoft.NETCore.App.Ref\10.0.8\ref\net10.0\System.Net.WebSockets.Client.dll" /reference:"C:\Program Files\dotnet\packs\Microsoft.NETCore.App.Ref\10.0.8\ref\net10.0\System.Net.WebSockets.dll" /reference:"C:\Program Files\dotnet\packs\Microsoft.NETCore.App.Ref\10.0.8\ref\net10.0\System.Numerics.dll" /reference:"C:\Program Files\dotnet\packs\Microsoft.NETCore.App.Ref\10.0.8\ref\net10.0\System.Numerics.Vectors.dll" /reference:"C:\Program Files\dotnet\packs\Microsoft.NETCore.App.Ref\10.0.8\ref\net10.0\System.ObjectModel.dll" /reference:"C:\Program Files\dotnet\packs\Microsoft.WindowsDesktop.App.Ref\10.0.8\ref\net10.0\System.Private.Windows.Core.dll" /reference:"C:\Program Files\dotnet\packs\Microsoft.WindowsDesktop.App.Ref\10.0.8\ref\net10.0\System.Private.Windows.GdiPlus.dll" /reference:"C:\Program Files\dotnet\packs\Microsoft.NETCore.App.Ref\10.0.8\ref\net10.0\System.Reflection.DispatchProxy.dll" /reference:"C:\Program Files\dotnet\packs\Microsoft.NETCore.App.Ref\10.0.8\ref\net10.0\System.Reflection.dll" /reference:"C:\Program Files\dotnet\packs\Microsoft.NETCore.App.Ref\10.0.8\ref\net10.0\System.Reflection.Emit.dll" /reference:"C:\Program Files\dotnet\packs\Microsoft.NETCore.App.Ref\10.0.8\ref\net10.0\System.Reflection.Emit.ILGeneration.dll" /reference:"C:\Program Files\dotnet\packs\Microsoft.NETCore.App.Ref\10.0.8\ref\net10.0\System.Reflection.Emit.Lightweight.dll" /reference:"C:\Program Files\dotnet\packs\Microsoft.NETCore.App.Ref\10.0.8\ref\net10.0\System.Reflection.Extensions.dll" /reference:"C:\Program Files\dotnet\packs\Microsoft.NETCore.App.Ref\10.0.8\ref\net10.0\System.Reflection.Metadata.dll" /reference:"C:\Program Files\dotnet\packs\Microsoft.NETCore.App.Ref\10.0.8\ref\net10.0\System.Reflection.Primitives.dll" /reference:"C:\Program Files\dotnet\packs\Microsoft.NETCore.App.Ref\10.0.8\ref\net10.0\System.Reflection.TypeExtensions.dll" /reference:"C:\Program Files\dotnet\packs\Microsoft.WindowsDesktop.App.Ref\10.0.8\ref\net10.0\System.Resources.Extensions.dll" /reference:"C:\Program Files\dotnet\packs\Microsoft.NETCore.App.Ref\10.0.8\ref\net10.0\System.Resources.Reader.dll" /reference:"C:\Program Files\dotnet\packs\Microsoft.NETCore.App.Ref\10.0.8\ref\net10.0\System.Resources.ResourceManager.dll" /reference:"C:\Program Files\dotnet\packs\Microsoft.NETCore.App.Ref\10.0.8\ref\net10.0\System.Resources.Writer.dll" /reference:"C:\Program Files\dotnet\packs\Microsoft.NETCore.App.Ref\10.0.8\ref\net10.0\System.Runtime.CompilerServices.Unsafe.dll" /reference:"C:\Program Files\dotnet\packs\Microsoft.NETCore.App.Ref\10.0.8\ref\net10.0\System.Runtime.CompilerServices.VisualC.dll" /reference:"C:\Program Files\dotnet\packs\Microsoft.NETCore.App.Ref\10.0.8\ref\net10.0\System.Runtime.dll" /reference:"C:\Program Files\dotnet\packs\Microsoft.NETCore.App.Ref\10.0.8\ref\net10.0\System.Runtime.Extensions.dll" /reference:"C:\Program Files\dotnet\packs\Microsoft.NETCore.App.Ref\10.0.8\ref\net10.0\System.Runtime.Handles.dll" /reference:"C:\Program Files\dotnet\packs\Microsoft.NETCore.App.Ref\10.0.8\ref\net10.0\System.Runtime.InteropServices.dll" /reference:"C:\Program Files\dotnet\packs\Microsoft.NETCore.App.Ref\10.0.8\ref\net10.0\System.Runtime.InteropServices.JavaScript.dll" /reference:"C:\Program Files\dotnet\packs\Microsoft.NETCore.App.Ref\10.0.8\ref\net10.0\System.Runtime.InteropServices.RuntimeInformation.dll" /reference:"C:\Program Files\dotnet\packs\Microsoft.NETCore.App.Ref\10.0.8\ref\net10.0\System.Runtime.Intrinsics.dll" /reference:"C:\Program Files\dotnet\packs\Microsoft.NETCore.App.Ref\10.0.8\ref\net10.0\System.Runtime.Loader.dll" /reference:"C:\Program Files\dotnet\packs\Microsoft.NETCore.App.Ref\10.0.8\ref\net10.0\System.Runtime.Numerics.dll" /reference:"C:\Program Files\dotnet\packs\Microsoft.NETCore.App.Ref\10.0.8\ref\net10.0\System.Runtime.Serialization.dll" /reference:"C:\Program Files\dotnet\packs\Microsoft.NETCore.App.Ref\10.0.8\ref\net10.0\System.Runtime.Serialization.Formatters.dll" /reference:"C:\Program Files\dotnet\packs\Microsoft.NETCore.App.Ref\10.0.8\ref\net10.0\System.Runtime.Serialization.Json.dll" /reference:"C:\Program Files\dotnet\packs\Microsoft.NETCore.App.Ref\10.0.8\ref\net10.0\System.Runtime.Serialization.Primitives.dll" /reference:"C:\Program Files\dotnet\packs\Microsoft.NETCore.App.Ref\10.0.8\ref\net10.0\System.Runtime.Serialization.Xml.dll" /reference:"C:\Program Files\dotnet\packs\Microsoft.NETCore.App.Ref\10.0.8\ref\net10.0\System.Security.AccessControl.dll" /reference:"C:\Program Files\dotnet\packs\Microsoft.NETCore.App.Ref\10.0.8\ref\net10.0\System.Security.Claims.dll" /reference:"C:\Program Files\dotnet\packs\Microsoft.NETCore.App.Ref\10.0.8\ref\net10.0\System.Security.Cryptography.Algorithms.dll" /reference:"C:\Program Files\dotnet\packs\Microsoft.NETCore.App.Ref\10.0.8\ref\net10.0\System.Security.Cryptography.Cng.dll" /reference:"C:\Program Files\dotnet\packs\Microsoft.NETCore.App.Ref\10.0.8\ref\net10.0\System.Security.Cryptography.Csp.dll" /reference:"C:\Program Files\dotnet\packs\Microsoft.NETCore.App.Ref\10.0.8\ref\net10.0\System.Security.Cryptography.dll" /reference:"C:\Program Files\dotnet\packs\Microsoft.NETCore.App.Ref\10.0.8\ref\net10.0\System.Security.Cryptography.Encoding.dll" /reference:"C:\Program Files\dotnet\packs\Microsoft.NETCore.App.Ref\10.0.8\ref\net10.0\System.Security.Cryptography.OpenSsl.dll" /reference:"C:\Program Files\dotnet\packs\Microsoft.WindowsDesktop.App.Ref\10.0.8\ref\net10.0\System.Security.Cryptography.Pkcs.dll" /reference:"C:\Program Files\dotnet\packs\Microsoft.NETCore.App.Ref\10.0.8\ref\net10.0\System.Security.Cryptography.Primitives.dll" /reference:"C:\Program Files\dotnet\packs\Microsoft.WindowsDesktop.App.Ref\10.0.8\ref\net10.0\System.Security.Cryptography.ProtectedData.dll" /reference:"C:\Program Files\dotnet\packs\Microsoft.NETCore.App.Ref\10.0.8\ref\net10.0\System.Security.Cryptography.X509Certificates.dll" /reference:"C:\Program Files\dotnet\packs\Microsoft.WindowsDesktop.App.Ref\10.0.8\ref\net10.0\System.Security.Cryptography.Xml.dll" /reference:"C:\Program Files\dotnet\packs\Microsoft.NETCore.App.Ref\10.0.8\ref\net10.0\System.Security.dll" /reference:"C:\Program Files\dotnet\packs\Microsoft.WindowsDesktop.App.Ref\10.0.8\ref\net10.0\System.Security.Permissions.dll" /reference:"C:\Program Files\dotnet\packs\Microsoft.NETCore.App.Ref\10.0.8\ref\net10.0\System.Security.Principal.dll" /reference:"C:\Program Files\dotnet\packs\Microsoft.NETCore.App.Ref\10.0.8\ref\net10.0\System.Security.Principal.Windows.dll" /reference:"C:\Program Files\dotnet\packs\Microsoft.NETCore.App.Ref\10.0.8\ref\net10.0\System.Security.SecureString.dll" /reference:"C:\Program Files\dotnet\packs\Microsoft.NETCore.App.Ref\10.0.8\ref\net10.0\System.ServiceModel.Web.dll" /reference:"C:\Program Files\dotnet\packs\Microsoft.NETCore.App.Ref\10.0.8\ref\net10.0\System.ServiceProcess.dll" /reference:"C:\Program Files\dotnet\packs\Microsoft.NETCore.App.Ref\10.0.8\ref\net10.0\System.Text.Encoding.CodePages.dll" /reference:"C:\Program Files\dotnet\packs\Microsoft.NETCore.App.Ref\10.0.8\ref\net10.0\System.Text.Encoding.dll" /reference:"C:\Program Files\dotnet\packs\Microsoft.NETCore.App.Ref\10.0.8\ref\net10.0\System.Text.Encoding.Extensions.dll" /reference:"C:\Program Files\dotnet\packs\Microsoft.NETCore.App.Ref\10.0.8\ref\net10.0\System.Text.Encodings.Web.dll" /reference:"C:\Program Files\dotnet\packs\Microsoft.NETCore.App.Ref\10.0.8\ref\net10.0\System.Text.Json.dll" /reference:"C:\Program Files\dotnet\packs\Microsoft.NETCore.App.Ref\10.0.8\ref\net10.0\System.Text.RegularExpressions.dll" /reference:"C:\Program Files\dotnet\packs\Microsoft.NETCore.App.Ref\10.0.8\ref\net10.0\System.Threading.AccessControl.dll" /reference:"C:\Program Files\dotnet\packs\Microsoft.NETCore.App.Ref\10.0.8\ref\net10.0\System.Threading.Channels.dll" /reference:"C:\Program Files\dotnet\packs\Microsoft.NETCore.App.Ref\10.0.8\ref\net10.0\System.Threading.dll" /reference:"C:\Program Files\dotnet\packs\Microsoft.NETCore.App.Ref\10.0.8\ref\net10.0\System.Threading.Overlapped.dll" /reference:"C:\Program Files\dotnet\packs\Microsoft.NETCore.App.Ref\10.0.8\ref\net10.0\System.Threading.Tasks.Dataflow.dll" /reference:"C:\Program Files\dotnet\packs\Microsoft.NETCore.App.Ref\10.0.8\ref\net10.0\System.Threading.Tasks.dll" /reference:"C:\Program Files\dotnet\packs\Microsoft.NETCore.App.Ref\10.0.8\ref\net10.0\System.Threading.Tasks.Extensions.dll" /reference:"C:\Program Files\dotnet\packs\Microsoft.NETCore.App.Ref\10.0.8\ref\net10.0\System.Threading.Tasks.Parallel.dll" /reference:"C:\Program Files\dotnet\packs\Microsoft.NETCore.App.Ref\10.0.8\ref\net10.0\System.Threading.Thread.dll" /reference:"C:\Program Files\dotnet\packs\Microsoft.NETCore.App.Ref\10.0.8\ref\net10.0\System.Threading.ThreadPool.dll" /reference:"C:\Program Files\dotnet\packs\Microsoft.NETCore.App.Ref\10.0.8\ref\net10.0\System.Threading.Timer.dll" /reference:"C:\Program Files\dotnet\packs\Microsoft.NETCore.App.Ref\10.0.8\ref\net10.0\System.Transactions.dll" /reference:"C:\Program Files\dotnet\packs\Microsoft.NETCore.App.Ref\10.0.8\ref\net10.0\System.Transactions.Local.dll" /reference:"C:\Program Files\dotnet\packs\Microsoft.NETCore.App.Ref\10.0.8\ref\net10.0\System.ValueTuple.dll" /reference:"C:\Program Files\dotnet\packs\Microsoft.NETCore.App.Ref\10.0.8\ref\net10.0\System.Web.dll" /reference:"C:\Program Files\dotnet\packs\Microsoft.NETCore.App.Ref\10.0.8\ref\net10.0\System.Web.HttpUtility.dll" /reference:"C:\Program Files\dotnet\packs\Microsoft.NETCore.App.Ref\10.0.8\ref\net10.0\System.Windows.dll" /reference:"C:\Program Files\dotnet\packs\Microsoft.WindowsDesktop.App.Ref\10.0.8\ref\net10.0\System.Windows.Extensions.dll" /reference:"C:\Program Files\dotnet\packs\Microsoft.WindowsDesktop.App.Ref\10.0.8\ref\net10.0\System.Windows.Forms.Design.dll" /reference:"C:\Program Files\dotnet\packs\Microsoft.WindowsDesktop.App.Ref\10.0.8\ref\net10.0\System.Windows.Forms.Design.Editors.dll" /reference:"C:\Program Files\dotnet\packs\Microsoft.WindowsDesktop.App.Ref\10.0.8\ref\net10.0\System.Windows.Forms.dll" /reference:"C:\Program Files\dotnet\packs\Microsoft.WindowsDesktop.App.Ref\10.0.8\ref\net10.0\System.Windows.Forms.Primitives.dll" /reference:"C:\Program Files\dotnet\packs\Microsoft.NETCore.App.Ref\10.0.8\ref\net10.0\System.Xml.dll" /reference:"C:\Program Files\dotnet\packs\Microsoft.NETCore.App.Ref\10.0.8\ref\net10.0\System.Xml.Linq.dll" /reference:"C:\Program Files\dotnet\packs\Microsoft.NETCore.App.Ref\10.0.8\ref\net10.0\System.Xml.ReaderWriter.dll" /reference:"C:\Program Files\dotnet\packs\Microsoft.NETCore.App.Ref\10.0.8\ref\net10.0\System.Xml.Serialization.dll" /reference:"C:\Program Files\dotnet\packs\Microsoft.NETCore.App.Ref\10.0.8\ref\net10.0\System.Xml.XDocument.dll" /reference:"C:\Program Files\dotnet\packs\Microsoft.NETCore.App.Ref\10.0.8\ref\net10.0\System.Xml.XmlDocument.dll" /reference:"C:\Program Files\dotnet\packs\Microsoft.NETCore.App.Ref\10.0.8\ref\net10.0\System.Xml.XmlSerializer.dll" /reference:"C:\Program Files\dotnet\packs\Microsoft.NETCore.App.Ref\10.0.8\ref\net10.0\System.Xml.XPath.dll" /reference:"C:\Program Files\dotnet\packs\Microsoft.NETCore.App.Ref\10.0.8\ref\net10.0\System.Xml.XPath.XDocument.dll" /reference:C:\Users\grego\.nuget\packages\microsoft.testplatform.testhost\17.14.1\lib\net8.0\testhost.dll /reference:"C:\Program Files\dotnet\packs\Microsoft.NETCore.App.Ref\10.0.8\ref\net10.0\WindowsBase.dll" /reference:C:\Users\grego\.nuget\packages\xunit.abstractions\2.0.3\lib\netstandard2.0\xunit.abstractions.dll /reference:C:\Users\grego\.nuget\packages\xunit.assert\2.9.3\lib\net6.0\xunit.assert.dll /reference:C:\Users\grego\.nuget\packages\xunit.extensibility.core\2.9.3\lib\netstandard1.1\xunit.core.dll /reference:C:\Users\grego\.nuget\packages\xunit.extensibility.execution\2.9.3\lib\netstandard1.1\xunit.execution.dotnet.dll /features:"InterceptorsNamespaces=;Microsoft.Extensions.Validation.Generated" /debug+ /debug:portable /filealign:512 /optimize- /out:obj\Debug\net10.0-windows\SATUI.UITests.dll /refout:obj\Debug\net10.0-windows\refint\SATUI.UITests.dll /target:exe /warnaserror- /utf8output /deterministic+ /sourcelink:obj\Debug\net10.0-windows\SATUI.UITests.sourcelink.json /langversion:14.0 /embed:C:\Users\grego\.nuget\packages\microsoft.net.test.sdk\17.14.1\build\net8.0\Microsoft.NET.Test.Sdk.Program.cs /embed:obj\Debug\net10.0-windows\SATUI.UITests.GlobalUsings.g.cs /embed:"obj\Debug\net10.0-windows\.NETCoreApp,Version=v10.0.AssemblyAttributes.cs" /embed:obj\Debug\net10.0-windows\SATUI.UITests.AssemblyInfo.cs /analyzerconfig:obj\Debug\net10.0-windows\SATUI.UITests.GeneratedMSBuildEditorConfig.editorconfig /analyzerconfig:"C:\Program Files\dotnet\sdk\10.0.300\Sdks\Microsoft.NET.Sdk\analyzers\build\config\analysislevel_10_default.globalconfig" /analyzer:"C:\Program Files\dotnet\sdk\10.0.300\Sdks\Microsoft.NET.Sdk\targets\..\analyzers\Microsoft.CodeAnalysis.CSharp.NetAnalyzers.dll" /analyzer:"C:\Program Files\dotnet\sdk\10.0.300\Sdks\Microsoft.NET.Sdk\targets\..\analyzers\Microsoft.CodeAnalysis.NetAnalyzers.dll" /analyzer:C:\Users\grego\.nuget\packages\xunit.analyzers\1.18.0\analyzers\dotnet\cs\xunit.analyzers.dll /analyzer:C:\Users\grego\.nuget\packages\xunit.analyzers\1.18.0\analyzers\dotnet\cs\xunit.analyzers.fixes.dll /analyzer:"C:\Program Files\dotnet\packs\Microsoft.NETCore.App.Ref\10.0.8\analyzers/dotnet/cs/Microsoft.Interop.ComInterfaceGenerator.dll" /analyzer:"C:\Program Files\dotnet\packs\Microsoft.NETCore.App.Ref\10.0.8\analyzers/dotnet/cs/Microsoft.Interop.JavaScript.JSImportGenerator.dll" /analyzer:"C:\Program Files\dotnet\packs\Microsoft.NETCore.App.Ref\10.0.8\analyzers/dotnet/cs/Microsoft.Interop.LibraryImportGenerator.dll" /analyzer:"C:\Program Files\dotnet\packs\Microsoft.NETCore.App.Ref\10.0.8\analyzers/dotnet/cs/Microsoft.Interop.SourceGeneration.dll" /analyzer:"C:\Program Files\dotnet\packs\Microsoft.NETCore.App.Ref\10.0.8\analyzers/dotnet/cs/System.Text.Json.SourceGeneration.dll" /analyzer:"C:\Program Files\dotnet\packs\Microsoft.NETCore.App.Ref\10.0.8\analyzers/dotnet/cs/System.Text.RegularExpressions.Generator.dll" /analyzer:"C:\Program Files\dotnet\packs\Microsoft.WindowsDesktop.App.Ref\10.0.8\analyzers/dotnet/System.Windows.Forms.Analyzers.dll" /analyzer:"C:\Program Files\dotnet\packs\Microsoft.WindowsDesktop.App.Ref\10.0.8\analyzers/dotnet/cs/System.Windows.Forms.Analyzers.CSharp.dll" /analyzer:"C:\Program Files\dotnet\packs\Microsoft.WindowsDesktop.App.Ref\10.0.8\analyzers/dotnet/cs/System.Windows.Forms.Analyzers.CodeFixes.CSharp.dll" Infrastructure\AppHarness.cs Infrastructure\LocalHttpServer.cs Tests\LicenseFlowTests.cs Tests\MainWindowTests.cs Tests\SettingsDialogTests.cs C:\Users\grego\.nuget\packages\microsoft.net.test.sdk\17.14.1\build\net8.0\Microsoft.NET.Test.Sdk.Program.cs obj\Debug\net10.0-windows\SATUI.UITests.GlobalUsings.g.cs "obj\Debug\net10.0-windows\.NETCoreApp,Version=v10.0.AssemblyAttributes.cs" obj\Debug\net10.0-windows\SATUI.UITests.AssemblyInfo.cs /warnaserror+:NU1605,SYSLIB0011'
         Attempt to open named pipe 'jWb9cmpkeGej1qKe3g2eZGFx9WT+4rUuFS_fdXcJqaM'
         Attempt to connect named pipe 'jWb9cmpkeGej1qKe3g2eZGFx9WT+4rUuFS_fdXcJqaM'
         Named pipe 'jWb9cmpkeGej1qKe3g2eZGFx9WT+4rUuFS_fdXcJqaM' connected
         Begin writing request for SATUI.UITests (net10.0-windows)
         End writing request for SATUI.UITests (net10.0-windows)
         Begin reading response for SATUI.UITests (net10.0-windows)
         End reading response for SATUI.UITests (net10.0-windows)
         CompilerServer: server - server processed compilation - SATUI.UITests (net10.0-windows)
       _CopyFilesMarkedCopyLocal:
         Copying file from "C:\Users\grego\.nuget\packages\diffengine\11.3.0\lib\net7.0\DiffEngine.dll" to "C:\Users\grego\RiderProjects\SATUI\SATUI.UITests\bin\Debug\net10.0-windows\DiffEngine.dll".
         Copying file from "C:\Users\grego\.nuget\packages\flaui.core\5.0.0\lib\net8.0-windows7.0\FlaUI.Core.dll" to "C:\Users\grego\RiderProjects\SATUI\SATUI.UITests\bin\Debug\net10.0-windows\FlaUI.Core.dll".
         Copying file from "C:\Users\grego\.nuget\packages\emptyfiles\4.4.0\lib\net7.0\EmptyFiles.dll" to "C:\Users\grego\RiderProjects\SATUI\SATUI.UITests\bin\Debug\net10.0-windows\EmptyFiles.dll".
         Copying file from "C:\Users\grego\.nuget\packages\flaui.uia3\5.0.0\lib\net8.0-windows7.0\FlaUI.UIA3.dll" to "C:\Users\grego\RiderProjects\SATUI\SATUI.UITests\bin\Debug\net10.0-windows\FlaUI.UIA3.dll".
         Copying file from "C:\Users\grego\.nuget\packages\interop.uiautomationclient\10.19041.0\lib\netcoreapp3.0\Interop.UIAutomationClient.dll" to "C:\Users\grego\RiderProjects\SATUI\SATUI.UITests\bin\Debug\net10.0-windows\Interop.UIAutomationClient.dll".
         Copying file from "C:\Users\grego\.nuget\packages\microsoft.codecoverage\17.14.1\lib\net8.0\Microsoft.VisualStudio.CodeCoverage.Shim.dll" to "C:\Users\grego\RiderProjects\SATUI\SATUI.UITests\bin\Debug\net10.0-windows\Microsoft.VisualStudio.CodeCoverage.Shim.dll".
         Copying file from "C:\Users\grego\.nuget\packages\microsoft.testplatform.objectmodel\17.14.1\lib\net8.0\Microsoft.TestPlatform.CoreUtilities.dll" to "C:\Users\grego\RiderProjects\SATUI\SATUI.UITests\bin\Debug\net10.0-windows\Microsoft.TestPlatform.CoreUtilities.dll".
         Copying file from "C:\Users\grego\.nuget\packages\microsoft.testplatform.objectmodel\17.14.1\lib\net8.0\Microsoft.TestPlatform.PlatformAbstractions.dll" to "C:\Users\grego\RiderProjects\SATUI\SATUI.UITests\bin\Debug\net10.0-windows\Microsoft.TestPlatform.PlatformAbstractions.dll".
         Copying file from "C:\Users\grego\.nuget\packages\microsoft.testplatform.objectmodel\17.14.1\lib\net8.0\Microsoft.VisualStudio.TestPlatform.ObjectModel.dll" to "C:\Users\grego\RiderProjects\SATUI\SATUI.UITests\bin\Debug\net10.0-windows\Microsoft.VisualStudio.TestPlatform.ObjectModel.dll".
         Copying file from "C:\Users\grego\.nuget\packages\microsoft.testplatform.testhost\17.14.1\lib\net8.0\Microsoft.TestPlatform.CommunicationUtilities.dll" to "C:\Users\grego\RiderProjects\SATUI\SATUI.UITests\bin\Debug\net10.0-windows\Microsoft.TestPlatform.CommunicationUtilities.dll".
         Copying file from "C:\Users\grego\.nuget\packages\microsoft.testplatform.testhost\17.14.1\lib\net8.0\Microsoft.TestPlatform.CrossPlatEngine.dll" to "C:\Users\grego\RiderProjects\SATUI\SATUI.UITests\bin\Debug\net10.0-windows\Microsoft.TestPlatform.CrossPlatEngine.dll".
         Copying file from "C:\Users\grego\.nuget\packages\microsoft.testplatform.testhost\17.14.1\lib\net8.0\Microsoft.TestPlatform.Utilities.dll" to "C:\Users\grego\RiderProjects\SATUI\SATUI.UITests\bin\Debug\net10.0-windows\Microsoft.TestPlatform.Utilities.dll".
         Copying file from "C:\Users\grego\.nuget\packages\microsoft.testplatform.testhost\17.14.1\lib\net8.0\Microsoft.VisualStudio.TestPlatform.Common.dll" to "C:\Users\grego\RiderProjects\SATUI\SATUI.UITests\bin\Debug\net10.0-windows\Microsoft.VisualStudio.TestPlatform.Common.dll".
         Copying file from "C:\Users\grego\.nuget\packages\microsoft.testplatform.testhost\17.14.1\lib\net8.0\testhost.dll" to "C:\Users\grego\RiderProjects\SATUI\SATUI.UITests\bin\Debug\net10.0-windows\testhost.dll".
         Copying file from "C:\Users\grego\.nuget\packages\newtonsoft.json\13.0.3\lib\net6.0\Newtonsoft.Json.dll" to "C:\Users\grego\RiderProjects\SATUI\SATUI.UITests\bin\Debug\net10.0-windows\Newtonsoft.Json.dll".
         Copying file from "C:\Users\grego\.nuget\packages\shouldly\4.3.0\lib\net9.0\Shouldly.dll" to "C:\Users\grego\RiderProjects\SATUI\SATUI.UITests\bin\Debug\net10.0-windows\Shouldly.dll".
         Copying file from "C:\Users\grego\.nuget\packages\system.management\8.0.0\lib\net8.0\System.Management.dll" to "C:\Users\grego\RiderProjects\SATUI\SATUI.UITests\bin\Debug\net10.0-windows\System.Management.dll".
         Copying file from "C:\Users\grego\.nuget\packages\xunit.abstractions\2.0.3\lib\netstandard2.0\xunit.abstractions.dll" to "C:\Users\grego\RiderProjects\SATUI\SATUI.UITests\bin\Debug\net10.0-windows\xunit.abstractions.dll".
         Copying file from "C:\Users\grego\.nuget\packages\xunit.assert\2.9.3\lib\net6.0\xunit.assert.dll" to "C:\Users\grego\RiderProjects\SATUI\SATUI.UITests\bin\Debug\net10.0-windows\xunit.assert.dll".
         Copying file from "C:\Users\grego\.nuget\packages\xunit.extensibility.core\2.9.3\lib\netstandard1.1\xunit.core.dll" to "C:\Users\grego\RiderProjects\SATUI\SATUI.UITests\bin\Debug\net10.0-windows\xunit.core.dll".
         Copying file from "C:\Users\grego\.nuget\packages\xunit.extensibility.execution\2.9.3\lib\netstandard1.1\xunit.execution.dotnet.dll" to "C:\Users\grego\RiderProjects\SATUI\SATUI.UITests\bin\Debug\net10.0-windows\xunit.execution.dotnet.dll".
         Creating directory "bin\Debug\net10.0-windows\cs".
         Creating directory "bin\Debug\net10.0-windows\cs".
         Creating directory "bin\Debug\net10.0-windows\de".
         Creating directory "bin\Debug\net10.0-windows\es".
         Copying file from "C:\Users\grego\.nuget\packages\microsoft.testplatform.objectmodel\17.14.1\lib\net8.0\de\Microsoft.TestPlatform.CoreUtilities.resources.dll" to "C:\Users\grego\RiderProjects\SATUI\SATUI.UITests\bin\Debug\net10.0-windows\de\Microsoft.TestPlatform.CoreUtilities.resources.dll".
         Copying file from "C:\Users\grego\.nuget\packages\microsoft.testplatform.objectmodel\17.14.1\lib\net8.0\cs\Microsoft.VisualStudio.TestPlatform.ObjectModel.resources.dll" to "C:\Users\grego\RiderProjects\SATUI\SATUI.UITests\bin\Debug\net10.0-windows\cs\Microsoft.VisualStudio.TestPlatform.ObjectModel.resources.dll".
         Copying file from "C:\Users\grego\.nuget\packages\microsoft.testplatform.objectmodel\17.14.1\lib\net8.0\cs\Microsoft.TestPlatform.CoreUtilities.resources.dll" to "C:\Users\grego\RiderProjects\SATUI\SATUI.UITests\bin\Debug\net10.0-windows\cs\Microsoft.TestPlatform.CoreUtilities.resources.dll".
         Copying file from "C:\Users\grego\.nuget\packages\microsoft.testplatform.objectmodel\17.14.1\lib\net8.0\de\Microsoft.VisualStudio.TestPlatform.ObjectModel.resources.dll" to "C:\Users\grego\RiderProjects\SATUI\SATUI.UITests\bin\Debug\net10.0-windows\de\Microsoft.VisualStudio.TestPlatform.ObjectModel.resources.dll".
         Copying file from "C:\Users\grego\.nuget\packages\microsoft.testplatform.objectmodel\17.14.1\lib\net8.0\es\Microsoft.TestPlatform.CoreUtilities.resources.dll" to "C:\Users\grego\RiderProjects\SATUI\SATUI.UITests\bin\Debug\net10.0-windows\es\Microsoft.TestPlatform.CoreUtilities.resources.dll".
         Copying file from "C:\Users\grego\.nuget\packages\microsoft.testplatform.objectmodel\17.14.1\lib\net8.0\es\Microsoft.VisualStudio.TestPlatform.ObjectModel.resources.dll" to "C:\Users\grego\RiderProjects\SATUI\SATUI.UITests\bin\Debug\net10.0-windows\es\Microsoft.VisualStudio.TestPlatform.ObjectModel.resources.dll".
         Creating directory "bin\Debug\net10.0-windows\fr".
         Creating directory "bin\Debug\net10.0-windows\fr".
         Creating directory "bin\Debug\net10.0-windows\it".
         Copying file from "C:\Users\grego\.nuget\packages\microsoft.testplatform.objectmodel\17.14.1\lib\net8.0\fr\Microsoft.VisualStudio.TestPlatform.ObjectModel.resources.dll" to "C:\Users\grego\RiderProjects\SATUI\SATUI.UITests\bin\Debug\net10.0-windows\fr\Microsoft.VisualStudio.TestPlatform.ObjectModel.resources.dll".
         Copying file from "C:\Users\grego\.nuget\packages\microsoft.testplatform.objectmodel\17.14.1\lib\net8.0\fr\Microsoft.TestPlatform.CoreUtilities.resources.dll" to "C:\Users\grego\RiderProjects\SATUI\SATUI.UITests\bin\Debug\net10.0-windows\fr\Microsoft.TestPlatform.CoreUtilities.resources.dll".
         Creating directory "bin\Debug\net10.0-windows\ja".
         Copying file from "C:\Users\grego\.nuget\packages\microsoft.testplatform.objectmodel\17.14.1\lib\net8.0\it\Microsoft.TestPlatform.CoreUtilities.resources.dll" to "C:\Users\grego\RiderProjects\SATUI\SATUI.UITests\bin\Debug\net10.0-windows\it\Microsoft.TestPlatform.CoreUtilities.resources.dll".
         Creating directory "bin\Debug\net10.0-windows\ja".
         Copying file from "C:\Users\grego\.nuget\packages\microsoft.testplatform.objectmodel\17.14.1\lib\net8.0\it\Microsoft.VisualStudio.TestPlatform.ObjectModel.resources.dll" to "C:\Users\grego\RiderProjects\SATUI\SATUI.UITests\bin\Debug\net10.0-windows\it\Microsoft.VisualStudio.TestPlatform.ObjectModel.resources.dll".
         Copying file from "C:\Users\grego\.nuget\packages\microsoft.testplatform.objectmodel\17.14.1\lib\net8.0\ja\Microsoft.TestPlatform.CoreUtilities.resources.dll" to "C:\Users\grego\RiderProjects\SATUI\SATUI.UITests\bin\Debug\net10.0-windows\ja\Microsoft.TestPlatform.CoreUtilities.resources.dll".
         Creating directory "bin\Debug\net10.0-windows\ko".
         Creating directory "bin\Debug\net10.0-windows\pl".
         Copying file from "C:\Users\grego\.nuget\packages\microsoft.testplatform.objectmodel\17.14.1\lib\net8.0\ko\Microsoft.VisualStudio.TestPlatform.ObjectModel.resources.dll" to "C:\Users\grego\RiderProjects\SATUI\SATUI.UITests\bin\Debug\net10.0-windows\ko\Microsoft.VisualStudio.TestPlatform.ObjectModel.resources.dll".
         Creating directory "bin\Debug\net10.0-windows\pl".
         Copying file from "C:\Users\grego\.nuget\packages\microsoft.testplatform.objectmodel\17.14.1\lib\net8.0\ko\Microsoft.TestPlatform.CoreUtilities.resources.dll" to "C:\Users\grego\RiderProjects\SATUI\SATUI.UITests\bin\Debug\net10.0-windows\ko\Microsoft.TestPlatform.CoreUtilities.resources.dll".
         Copying file from "C:\Users\grego\.nuget\packages\microsoft.testplatform.objectmodel\17.14.1\lib\net8.0\pl\Microsoft.TestPlatform.CoreUtilities.resources.dll" to "C:\Users\grego\RiderProjects\SATUI\SATUI.UITests\bin\Debug\net10.0-windows\pl\Microsoft.TestPlatform.CoreUtilities.resources.dll".
         Copying file from "C:\Users\grego\.nuget\packages\microsoft.testplatform.objectmodel\17.14.1\lib\net8.0\ja\Microsoft.VisualStudio.TestPlatform.ObjectModel.resources.dll" to "C:\Users\grego\RiderProjects\SATUI\SATUI.UITests\bin\Debug\net10.0-windows\ja\Microsoft.VisualStudio.TestPlatform.ObjectModel.resources.dll".
         Creating directory "bin\Debug\net10.0-windows\pt-BR".
         Copying file from "C:\Users\grego\.nuget\packages\microsoft.testplatform.objectmodel\17.14.1\lib\net8.0\pl\Microsoft.VisualStudio.TestPlatform.ObjectModel.resources.dll" to "C:\Users\grego\RiderProjects\SATUI\SATUI.UITests\bin\Debug\net10.0-windows\pl\Microsoft.VisualStudio.TestPlatform.ObjectModel.resources.dll".
         Copying file from "C:\Users\grego\.nuget\packages\microsoft.testplatform.objectmodel\17.14.1\lib\net8.0\pt-BR\Microsoft.TestPlatform.CoreUtilities.resources.dll" to "C:\Users\grego\RiderProjects\SATUI\SATUI.UITests\bin\Debug\net10.0-windows\pt-BR\Microsoft.TestPlatform.CoreUtilities.resources.dll".
         Creating directory "bin\Debug\net10.0-windows\ru".
         Creating directory "bin\Debug\net10.0-windows\ru".
         Copying file from "C:\Users\grego\.nuget\packages\microsoft.testplatform.objectmodel\17.14.1\lib\net8.0\pt-BR\Microsoft.VisualStudio.TestPlatform.ObjectModel.resources.dll" to "C:\Users\grego\RiderProjects\SATUI\SATUI.UITests\bin\Debug\net10.0-windows\pt-BR\Microsoft.VisualStudio.TestPlatform.ObjectModel.resources.dll".
         Creating directory "bin\Debug\net10.0-windows\tr".
         Copying file from "C:\Users\grego\.nuget\packages\microsoft.testplatform.objectmodel\17.14.1\lib\net8.0\ru\Microsoft.VisualStudio.TestPlatform.ObjectModel.resources.dll" to "C:\Users\grego\RiderProjects\SATUI\SATUI.UITests\bin\Debug\net10.0-windows\ru\Microsoft.VisualStudio.TestPlatform.ObjectModel.resources.dll".
         Creating directory "bin\Debug\net10.0-windows\tr".
         Copying file from "C:\Users\grego\.nuget\packages\microsoft.testplatform.objectmodel\17.14.1\lib\net8.0\ru\Microsoft.TestPlatform.CoreUtilities.resources.dll" to "C:\Users\grego\RiderProjects\SATUI\SATUI.UITests\bin\Debug\net10.0-windows\ru\Microsoft.TestPlatform.CoreUtilities.resources.dll".
         Copying file from "C:\Users\grego\.nuget\packages\microsoft.testplatform.objectmodel\17.14.1\lib\net8.0\tr\Microsoft.VisualStudio.TestPlatform.ObjectModel.resources.dll" to "C:\Users\grego\RiderProjects\SATUI\SATUI.UITests\bin\Debug\net10.0-windows\tr\Microsoft.VisualStudio.TestPlatform.ObjectModel.resources.dll".
         Creating directory "bin\Debug\net10.0-windows\zh-Hans".
         Copying file from "C:\Users\grego\.nuget\packages\microsoft.testplatform.objectmodel\17.14.1\lib\net8.0\zh-Hans\Microsoft.TestPlatform.CoreUtilities.resources.dll" to "C:\Users\grego\RiderProjects\SATUI\SATUI.UITests\bin\Debug\net10.0-windows\zh-Hans\Microsoft.TestPlatform.CoreUtilities.resources.dll".
         Copying file from "C:\Users\grego\.nuget\packages\microsoft.testplatform.objectmodel\17.14.1\lib\net8.0\tr\Microsoft.TestPlatform.CoreUtilities.resources.dll" to "C:\Users\grego\RiderProjects\SATUI\SATUI.UITests\bin\Debug\net10.0-windows\tr\Microsoft.TestPlatform.CoreUtilities.resources.dll".
         Copying file from "C:\Users\grego\.nuget\packages\microsoft.testplatform.objectmodel\17.14.1\lib\net8.0\zh-Hans\Microsoft.VisualStudio.TestPlatform.ObjectModel.resources.dll" to "C:\Users\grego\RiderProjects\SATUI\SATUI.UITests\bin\Debug\net10.0-windows\zh-Hans\Microsoft.VisualStudio.TestPlatform.ObjectModel.resources.dll".
         Creating directory "bin\Debug\net10.0-windows\zh-Hant".
         Copying file from "C:\Users\grego\.nuget\packages\microsoft.testplatform.objectmodel\17.14.1\lib\net8.0\zh-Hant\Microsoft.TestPlatform.CoreUtilities.resources.dll" to "C:\Users\grego\RiderProjects\SATUI\SATUI.UITests\bin\Debug\net10.0-windows\zh-Hant\Microsoft.TestPlatform.CoreUtilities.resources.dll".
         Copying file from "C:\Users\grego\.nuget\packages\microsoft.testplatform.objectmodel\17.14.1\lib\net8.0\zh-Hant\Microsoft.VisualStudio.TestPlatform.ObjectModel.resources.dll" to "C:\Users\grego\RiderProjects\SATUI\SATUI.UITests\bin\Debug\net10.0-windows\zh-Hant\Microsoft.VisualStudio.TestPlatform.ObjectModel.resources.dll".
         Copying file from "C:\Users\grego\.nuget\packages\microsoft.testplatform.testhost\17.14.1\lib\net8.0\cs\Microsoft.TestPlatform.CommunicationUtilities.resources.dll" to "C:\Users\grego\RiderProjects\SATUI\SATUI.UITests\bin\Debug\net10.0-windows\cs\Microsoft.TestPlatform.CommunicationUtilities.resources.dll".
         Copying file from "C:\Users\grego\.nuget\packages\microsoft.testplatform.testhost\17.14.1\lib\net8.0\cs\Microsoft.TestPlatform.CrossPlatEngine.resources.dll" to "C:\Users\grego\RiderProjects\SATUI\SATUI.UITests\bin\Debug\net10.0-windows\cs\Microsoft.TestPlatform.CrossPlatEngine.resources.dll".
         Copying file from "C:\Users\grego\.nuget\packages\microsoft.testplatform.testhost\17.14.1\lib\net8.0\de\Microsoft.TestPlatform.CommunicationUtilities.resources.dll" to "C:\Users\grego\RiderProjects\SATUI\SATUI.UITests\bin\Debug\net10.0-windows\de\Microsoft.TestPlatform.CommunicationUtilities.resources.dll".
         Copying file from "C:\Users\grego\.nuget\packages\microsoft.testplatform.testhost\17.14.1\lib\net8.0\cs\Microsoft.VisualStudio.TestPlatform.Common.resources.dll" to "C:\Users\grego\RiderProjects\SATUI\SATUI.UITests\bin\Debug\net10.0-windows\cs\Microsoft.VisualStudio.TestPlatform.Common.resources.dll".
         Copying file from "C:\Users\grego\.nuget\packages\microsoft.testplatform.testhost\17.14.1\lib\net8.0\de\Microsoft.TestPlatform.CrossPlatEngine.resources.dll" to "C:\Users\grego\RiderProjects\SATUI\SATUI.UITests\bin\Debug\net10.0-windows\de\Microsoft.TestPlatform.CrossPlatEngine.resources.dll".
         Copying file from "C:\Users\grego\.nuget\packages\microsoft.testplatform.testhost\17.14.1\lib\net8.0\es\Microsoft.TestPlatform.CommunicationUtilities.resources.dll" to "C:\Users\grego\RiderProjects\SATUI\SATUI.UITests\bin\Debug\net10.0-windows\es\Microsoft.TestPlatform.CommunicationUtilities.resources.dll".
         Copying file from "C:\Users\grego\.nuget\packages\microsoft.testplatform.testhost\17.14.1\lib\net8.0\es\Microsoft.TestPlatform.CrossPlatEngine.resources.dll" to "C:\Users\grego\RiderProjects\SATUI\SATUI.UITests\bin\Debug\net10.0-windows\es\Microsoft.TestPlatform.CrossPlatEngine.resources.dll".
         Copying file from "C:\Users\grego\.nuget\packages\microsoft.testplatform.testhost\17.14.1\lib\net8.0\de\Microsoft.VisualStudio.TestPlatform.Common.resources.dll" to "C:\Users\grego\RiderProjects\SATUI\SATUI.UITests\bin\Debug\net10.0-windows\de\Microsoft.VisualStudio.TestPlatform.Common.resources.dll".
         Copying file from "C:\Users\grego\.nuget\packages\microsoft.testplatform.testhost\17.14.1\lib\net8.0\fr\Microsoft.TestPlatform.CommunicationUtilities.resources.dll" to "C:\Users\grego\RiderProjects\SATUI\SATUI.UITests\bin\Debug\net10.0-windows\fr\Microsoft.TestPlatform.CommunicationUtilities.resources.dll".
         Copying file from "C:\Users\grego\.nuget\packages\microsoft.testplatform.testhost\17.14.1\lib\net8.0\es\Microsoft.VisualStudio.TestPlatform.Common.resources.dll" to "C:\Users\grego\RiderProjects\SATUI\SATUI.UITests\bin\Debug\net10.0-windows\es\Microsoft.VisualStudio.TestPlatform.Common.resources.dll".
         Copying file from "C:\Users\grego\.nuget\packages\microsoft.testplatform.testhost\17.14.1\lib\net8.0\fr\Microsoft.TestPlatform.CrossPlatEngine.resources.dll" to "C:\Users\grego\RiderProjects\SATUI\SATUI.UITests\bin\Debug\net10.0-windows\fr\Microsoft.TestPlatform.CrossPlatEngine.resources.dll".
         Copying file from "C:\Users\grego\.nuget\packages\microsoft.testplatform.testhost\17.14.1\lib\net8.0\fr\Microsoft.VisualStudio.TestPlatform.Common.resources.dll" to "C:\Users\grego\RiderProjects\SATUI\SATUI.UITests\bin\Debug\net10.0-windows\fr\Microsoft.VisualStudio.TestPlatform.Common.resources.dll".
         Copying file from "C:\Users\grego\.nuget\packages\microsoft.testplatform.testhost\17.14.1\lib\net8.0\it\Microsoft.TestPlatform.CommunicationUtilities.resources.dll" to "C:\Users\grego\RiderProjects\SATUI\SATUI.UITests\bin\Debug\net10.0-windows\it\Microsoft.TestPlatform.CommunicationUtilities.resources.dll".
         Copying file from "C:\Users\grego\.nuget\packages\microsoft.testplatform.testhost\17.14.1\lib\net8.0\it\Microsoft.TestPlatform.CrossPlatEngine.resources.dll" to "C:\Users\grego\RiderProjects\SATUI\SATUI.UITests\bin\Debug\net10.0-windows\it\Microsoft.TestPlatform.CrossPlatEngine.resources.dll".
         Copying file from "C:\Users\grego\.nuget\packages\microsoft.testplatform.testhost\17.14.1\lib\net8.0\it\Microsoft.VisualStudio.TestPlatform.Common.resources.dll" to "C:\Users\grego\RiderProjects\SATUI\SATUI.UITests\bin\Debug\net10.0-windows\it\Microsoft.VisualStudio.TestPlatform.Common.resources.dll".
         Copying file from "C:\Users\grego\.nuget\packages\microsoft.testplatform.testhost\17.14.1\lib\net8.0\ja\Microsoft.TestPlatform.CommunicationUtilities.resources.dll" to "C:\Users\grego\RiderProjects\SATUI\SATUI.UITests\bin\Debug\net10.0-windows\ja\Microsoft.TestPlatform.CommunicationUtilities.resources.dll".
         Copying file from "C:\Users\grego\.nuget\packages\microsoft.testplatform.testhost\17.14.1\lib\net8.0\ja\Microsoft.TestPlatform.CrossPlatEngine.resources.dll" to "C:\Users\grego\RiderProjects\SATUI\SATUI.UITests\bin\Debug\net10.0-windows\ja\Microsoft.TestPlatform.CrossPlatEngine.resources.dll".
         Copying file from "C:\Users\grego\.nuget\packages\microsoft.testplatform.testhost\17.14.1\lib\net8.0\ko\Microsoft.TestPlatform.CommunicationUtilities.resources.dll" to "C:\Users\grego\RiderProjects\SATUI\SATUI.UITests\bin\Debug\net10.0-windows\ko\Microsoft.TestPlatform.CommunicationUtilities.resources.dll".
         Copying file from "C:\Users\grego\.nuget\packages\microsoft.testplatform.testhost\17.14.1\lib\net8.0\ko\Microsoft.TestPlatform.CrossPlatEngine.resources.dll" to "C:\Users\grego\RiderProjects\SATUI\SATUI.UITests\bin\Debug\net10.0-windows\ko\Microsoft.TestPlatform.CrossPlatEngine.resources.dll".
         Copying file from "C:\Users\grego\.nuget\packages\microsoft.testplatform.testhost\17.14.1\lib\net8.0\ja\Microsoft.VisualStudio.TestPlatform.Common.resources.dll" to "C:\Users\grego\RiderProjects\SATUI\SATUI.UITests\bin\Debug\net10.0-windows\ja\Microsoft.VisualStudio.TestPlatform.Common.resources.dll".
         Copying file from "C:\Users\grego\.nuget\packages\microsoft.testplatform.testhost\17.14.1\lib\net8.0\ko\Microsoft.VisualStudio.TestPlatform.Common.resources.dll" to "C:\Users\grego\RiderProjects\SATUI\SATUI.UITests\bin\Debug\net10.0-windows\ko\Microsoft.VisualStudio.TestPlatform.Common.resources.dll".
         Copying file from "C:\Users\grego\.nuget\packages\microsoft.testplatform.testhost\17.14.1\lib\net8.0\pl\Microsoft.TestPlatform.CrossPlatEngine.resources.dll" to "C:\Users\grego\RiderProjects\SATUI\SATUI.UITests\bin\Debug\net10.0-windows\pl\Microsoft.TestPlatform.CrossPlatEngine.resources.dll".
         Copying file from "C:\Users\grego\.nuget\packages\microsoft.testplatform.testhost\17.14.1\lib\net8.0\pl\Microsoft.TestPlatform.CommunicationUtilities.resources.dll" to "C:\Users\grego\RiderProjects\SATUI\SATUI.UITests\bin\Debug\net10.0-windows\pl\Microsoft.TestPlatform.CommunicationUtilities.resources.dll".
         Copying file from "C:\Users\grego\.nuget\packages\microsoft.testplatform.testhost\17.14.1\lib\net8.0\pt-BR\Microsoft.TestPlatform.CommunicationUtilities.resources.dll" to "C:\Users\grego\RiderProjects\SATUI\SATUI.UITests\bin\Debug\net10.0-windows\pt-BR\Microsoft.TestPlatform.CommunicationUtilities.resources.dll".
         Copying file from "C:\Users\grego\.nuget\packages\microsoft.testplatform.testhost\17.14.1\lib\net8.0\pl\Microsoft.VisualStudio.TestPlatform.Common.resources.dll" to "C:\Users\grego\RiderProjects\SATUI\SATUI.UITests\bin\Debug\net10.0-windows\pl\Microsoft.VisualStudio.TestPlatform.Common.resources.dll".
         Copying file from "C:\Users\grego\.nuget\packages\microsoft.testplatform.testhost\17.14.1\lib\net8.0\pt-BR\Microsoft.TestPlatform.CrossPlatEngine.resources.dll" to "C:\Users\grego\RiderProjects\SATUI\SATUI.UITests\bin\Debug\net10.0-windows\pt-BR\Microsoft.TestPlatform.CrossPlatEngine.resources.dll".
         Copying file from "C:\Users\grego\.nuget\packages\microsoft.testplatform.testhost\17.14.1\lib\net8.0\pt-BR\Microsoft.VisualStudio.TestPlatform.Common.resources.dll" to "C:\Users\grego\RiderProjects\SATUI\SATUI.UITests\bin\Debug\net10.0-windows\pt-BR\Microsoft.VisualStudio.TestPlatform.Common.resources.dll".
         Copying file from "C:\Users\grego\.nuget\packages\microsoft.testplatform.testhost\17.14.1\lib\net8.0\ru\Microsoft.TestPlatform.CommunicationUtilities.resources.dll" to "C:\Users\grego\RiderProjects\SATUI\SATUI.UITests\bin\Debug\net10.0-windows\ru\Microsoft.TestPlatform.CommunicationUtilities.resources.dll".
         Copying file from "C:\Users\grego\.nuget\packages\microsoft.testplatform.testhost\17.14.1\lib\net8.0\ru\Microsoft.TestPlatform.CrossPlatEngine.resources.dll" to "C:\Users\grego\RiderProjects\SATUI\SATUI.UITests\bin\Debug\net10.0-windows\ru\Microsoft.TestPlatform.CrossPlatEngine.resources.dll".
         Copying file from "C:\Users\grego\.nuget\packages\microsoft.testplatform.testhost\17.14.1\lib\net8.0\ru\Microsoft.VisualStudio.TestPlatform.Common.resources.dll" to "C:\Users\grego\RiderProjects\SATUI\SATUI.UITests\bin\Debug\net10.0-windows\ru\Microsoft.VisualStudio.TestPlatform.Common.resources.dll".
         Copying file from "C:\Users\grego\.nuget\packages\microsoft.testplatform.testhost\17.14.1\lib\net8.0\tr\Microsoft.TestPlatform.CommunicationUtilities.resources.dll" to "C:\Users\grego\RiderProjects\SATUI\SATUI.UITests\bin\Debug\net10.0-windows\tr\Microsoft.TestPlatform.CommunicationUtilities.resources.dll".
         Copying file from "C:\Users\grego\.nuget\packages\microsoft.testplatform.testhost\17.14.1\lib\net8.0\tr\Microsoft.TestPlatform.CrossPlatEngine.resources.dll" to "C:\Users\grego\RiderProjects\SATUI\SATUI.UITests\bin\Debug\net10.0-windows\tr\Microsoft.TestPlatform.CrossPlatEngine.resources.dll".
         Copying file from "C:\Users\grego\.nuget\packages\microsoft.testplatform.testhost\17.14.1\lib\net8.0\tr\Microsoft.VisualStudio.TestPlatform.Common.resources.dll" to "C:\Users\grego\RiderProjects\SATUI\SATUI.UITests\bin\Debug\net10.0-windows\tr\Microsoft.VisualStudio.TestPlatform.Common.resources.dll".
         Copying file from "C:\Users\grego\.nuget\packages\microsoft.testplatform.testhost\17.14.1\lib\net8.0\zh-Hans\Microsoft.TestPlatform.CommunicationUtilities.resources.dll" to "C:\Users\grego\RiderProjects\SATUI\SATUI.UITests\bin\Debug\net10.0-windows\zh-Hans\Microsoft.TestPlatform.CommunicationUtilities.resources.dll".
         Copying file from "C:\Users\grego\.nuget\packages\microsoft.testplatform.testhost\17.14.1\lib\net8.0\zh-Hans\Microsoft.TestPlatform.CrossPlatEngine.resources.dll" to "C:\Users\grego\RiderProjects\SATUI\SATUI.UITests\bin\Debug\net10.0-windows\zh-Hans\Microsoft.TestPlatform.CrossPlatEngine.resources.dll".
         Copying file from "C:\Users\grego\.nuget\packages\microsoft.testplatform.testhost\17.14.1\lib\net8.0\zh-Hans\Microsoft.VisualStudio.TestPlatform.Common.resources.dll" to "C:\Users\grego\RiderProjects\SATUI\SATUI.UITests\bin\Debug\net10.0-windows\zh-Hans\Microsoft.VisualStudio.TestPlatform.Common.resources.dll".
         Copying file from "C:\Users\grego\.nuget\packages\microsoft.testplatform.testhost\17.14.1\lib\net8.0\zh-Hant\Microsoft.TestPlatform.CommunicationUtilities.resources.dll" to "C:\Users\grego\RiderProjects\SATUI\SATUI.UITests\bin\Debug\net10.0-windows\zh-Hant\Microsoft.TestPlatform.CommunicationUtilities.resources.dll".
         Copying file from "C:\Users\grego\.nuget\packages\microsoft.testplatform.testhost\17.14.1\lib\net8.0\zh-Hant\Microsoft.TestPlatform.CrossPlatEngine.resources.dll" to "C:\Users\grego\RiderProjects\SATUI\SATUI.UITests\bin\Debug\net10.0-windows\zh-Hant\Microsoft.TestPlatform.CrossPlatEngine.resources.dll".
         Creating directory "bin\Debug\net10.0-windows\runtimes\win\lib\net8.0".
         Copying file from "C:\Users\grego\.nuget\packages\microsoft.testplatform.testhost\17.14.1\lib\net8.0\zh-Hant\Microsoft.VisualStudio.TestPlatform.Common.resources.dll" to "C:\Users\grego\RiderProjects\SATUI\SATUI.UITests\bin\Debug\net10.0-windows\zh-Hant\Microsoft.VisualStudio.TestPlatform.Common.resources.dll".
         Copying file from "C:\Users\grego\.nuget\packages\system.management\8.0.0\runtimes\win\lib\net8.0\System.Management.dll" to "C:\Users\grego\RiderProjects\SATUI\SATUI.UITests\bin\Debug\net10.0-windows\runtimes\win\lib\net8.0\System.Management.dll".
         Creating "C:\Users\grego\RiderProjects\SATUI\SATUI.UITests\obj\Debug\net10.0-windows\SATUI.UI.BDC1B2C3.Up2Date" because "AlwaysCreate" was specified.
         Touching "C:\Users\grego\RiderProjects\SATUI\SATUI.UITests\obj\Debug\net10.0-windows\SATUI.UI.BDC1B2C3.Up2Date".
       _CopyOutOfDateSourceItemsToOutputDirectory:
       Building target "_CopyOutOfDateSourceItemsToOutputDirectory" partially, because some output files are out of date with respect to their input files.
         Creating directory "bin\Debug\net10.0-windows\EmptyFiles\archive".
         Creating directory "bin\Debug\net10.0-windows\EmptyFiles\archive".
         Creating directory "bin\Debug\net10.0-windows\EmptyFiles\archive".
         Creating directory "bin\Debug\net10.0-windows\EmptyFiles\archive".
         Creating directory "bin\Debug\net10.0-windows\EmptyFiles\archive".
         Creating directory "bin\Debug\net10.0-windows\EmptyFiles\archive".
         Copying file from "C:\Users\grego\.nuget\packages\emptyfiles\4.4.0\EmptyFiles\archive\empty.bz2" to "C:\Users\grego\RiderProjects\SATUI\SATUI.UITests\bin\Debug\net10.0-windows\EmptyFiles\archive\empty.bz2".
         Creating directory "bin\Debug\net10.0-windows\EmptyFiles\document".
         Copying file from "C:\Users\grego\.nuget\packages\emptyfiles\4.4.0\EmptyFiles\archive\empty.xz" to "C:\Users\grego\RiderProjects\SATUI\SATUI.UITests\bin\Debug\net10.0-windows\EmptyFiles\archive\empty.xz".
         Copying file from "C:\Users\grego\.nuget\packages\emptyfiles\4.4.0\EmptyFiles\archive\empty.7z" to "C:\Users\grego\RiderProjects\SATUI\SATUI.UITests\bin\Debug\net10.0-windows\EmptyFiles\archive\empty.7z".
         Copying file from "C:\Users\grego\.nuget\packages\emptyfiles\4.4.0\EmptyFiles\document\empty.docx" to "C:\Users\grego\RiderProjects\SATUI\SATUI.UITests\bin\Debug\net10.0-windows\EmptyFiles\document\empty.docx".
         Copying file from "C:\Users\grego\.nuget\packages\emptyfiles\4.4.0\EmptyFiles\archive\empty.zip" to "C:\Users\grego\RiderProjects\SATUI\SATUI.UITests\bin\Debug\net10.0-windows\EmptyFiles\archive\empty.zip".
         Copying file from "C:\Users\grego\.nuget\packages\emptyfiles\4.4.0\EmptyFiles\archive\empty.gz" to "C:\Users\grego\RiderProjects\SATUI\SATUI.UITests\bin\Debug\net10.0-windows\EmptyFiles\archive\empty.gz".
         Copying file from "C:\Users\grego\.nuget\packages\emptyfiles\4.4.0\EmptyFiles\archive\empty.tar" to "C:\Users\grego\RiderProjects\SATUI\SATUI.UITests\bin\Debug\net10.0-windows\EmptyFiles\archive\empty.tar".
         Copying file from "C:\Users\grego\.nuget\packages\emptyfiles\4.4.0\EmptyFiles\document\empty.odt" to "C:\Users\grego\RiderProjects\SATUI\SATUI.UITests\bin\Debug\net10.0-windows\EmptyFiles\document\empty.odt".
         Copying file from "C:\Users\grego\.nuget\packages\emptyfiles\4.4.0\EmptyFiles\document\empty.pdf" to "C:\Users\grego\RiderProjects\SATUI\SATUI.UITests\bin\Debug\net10.0-windows\EmptyFiles\document\empty.pdf".
         Copying file from "C:\Users\grego\.nuget\packages\emptyfiles\4.4.0\EmptyFiles\document\empty.rtf" to "C:\Users\grego\RiderProjects\SATUI\SATUI.UITests\bin\Debug\net10.0-windows\EmptyFiles\document\empty.rtf".
         Creating directory "bin\Debug\net10.0-windows\EmptyFiles\image".
         Creating directory "bin\Debug\net10.0-windows\EmptyFiles\image".
         Copying file from "C:\Users\grego\.nuget\packages\emptyfiles\4.4.0\EmptyFiles\image\empty.avif" to "C:\Users\grego\RiderProjects\SATUI\SATUI.UITests\bin\Debug\net10.0-windows\EmptyFiles\image\empty.avif".
         Copying file from "C:\Users\grego\.nuget\packages\emptyfiles\4.4.0\EmptyFiles\image\empty.bmp" to "C:\Users\grego\RiderProjects\SATUI\SATUI.UITests\bin\Debug\net10.0-windows\EmptyFiles\image\empty.bmp".
         Copying file from "C:\Users\grego\.nuget\packages\emptyfiles\4.4.0\EmptyFiles\image\empty.dds" to "C:\Users\grego\RiderProjects\SATUI\SATUI.UITests\bin\Debug\net10.0-windows\EmptyFiles\image\empty.dds".
         Copying file from "C:\Users\grego\.nuget\packages\emptyfiles\4.4.0\EmptyFiles\image\empty.dib" to "C:\Users\grego\RiderProjects\SATUI\SATUI.UITests\bin\Debug\net10.0-windows\EmptyFiles\image\empty.dib".
         Copying file from "C:\Users\grego\.nuget\packages\emptyfiles\4.4.0\EmptyFiles\image\empty.emf" to "C:\Users\grego\RiderProjects\SATUI\SATUI.UITests\bin\Debug\net10.0-windows\EmptyFiles\image\empty.emf".
         Copying file from "C:\Users\grego\.nuget\packages\emptyfiles\4.4.0\EmptyFiles\image\empty.exif" to "C:\Users\grego\RiderProjects\SATUI\SATUI.UITests\bin\Debug\net10.0-windows\EmptyFiles\image\empty.exif".
         Copying file from "C:\Users\grego\.nuget\packages\emptyfiles\4.4.0\EmptyFiles\image\empty.heic" to "C:\Users\grego\RiderProjects\SATUI\SATUI.UITests\bin\Debug\net10.0-windows\EmptyFiles\image\empty.heic".
         Copying file from "C:\Users\grego\.nuget\packages\emptyfiles\4.4.0\EmptyFiles\image\empty.gif" to "C:\Users\grego\RiderProjects\SATUI\SATUI.UITests\bin\Debug\net10.0-windows\EmptyFiles\image\empty.gif".
         Copying file from "C:\Users\grego\.nuget\packages\emptyfiles\4.4.0\EmptyFiles\image\empty.heif" to "C:\Users\grego\RiderProjects\SATUI\SATUI.UITests\bin\Debug\net10.0-windows\EmptyFiles\image\empty.heif".
         Copying file from "C:\Users\grego\.nuget\packages\emptyfiles\4.4.0\EmptyFiles\image\empty.ico" to "C:\Users\grego\RiderProjects\SATUI\SATUI.UITests\bin\Debug\net10.0-windows\EmptyFiles\image\empty.ico".
         Copying file from "C:\Users\grego\.nuget\packages\emptyfiles\4.4.0\EmptyFiles\image\empty.j2c" to "C:\Users\grego\RiderProjects\SATUI\SATUI.UITests\bin\Debug\net10.0-windows\EmptyFiles\image\empty.j2c".
         Copying file from "C:\Users\grego\.nuget\packages\emptyfiles\4.4.0\EmptyFiles\image\empty.jfif" to "C:\Users\grego\RiderProjects\SATUI\SATUI.UITests\bin\Debug\net10.0-windows\EmptyFiles\image\empty.jfif".
         Copying file from "C:\Users\grego\.nuget\packages\emptyfiles\4.4.0\EmptyFiles\image\empty.jp2" to "C:\Users\grego\RiderProjects\SATUI\SATUI.UITests\bin\Debug\net10.0-windows\EmptyFiles\image\empty.jp2".
         Copying file from "C:\Users\grego\.nuget\packages\emptyfiles\4.4.0\EmptyFiles\image\empty.jpc" to "C:\Users\grego\RiderProjects\SATUI\SATUI.UITests\bin\Debug\net10.0-windows\EmptyFiles\image\empty.jpc".
         Copying file from "C:\Users\grego\.nuget\packages\emptyfiles\4.4.0\EmptyFiles\image\empty.jpe" to "C:\Users\grego\RiderProjects\SATUI\SATUI.UITests\bin\Debug\net10.0-windows\EmptyFiles\image\empty.jpe".
         Copying file from "C:\Users\grego\.nuget\packages\emptyfiles\4.4.0\EmptyFiles\image\empty.jpg" to "C:\Users\grego\RiderProjects\SATUI\SATUI.UITests\bin\Debug\net10.0-windows\EmptyFiles\image\empty.jpg".
         Copying file from "C:\Users\grego\.nuget\packages\emptyfiles\4.4.0\EmptyFiles\image\empty.jxr" to "C:\Users\grego\RiderProjects\SATUI\SATUI.UITests\bin\Debug\net10.0-windows\EmptyFiles\image\empty.jxr".
         Copying file from "C:\Users\grego\.nuget\packages\emptyfiles\4.4.0\EmptyFiles\image\empty.pbm" to "C:\Users\grego\RiderProjects\SATUI\SATUI.UITests\bin\Debug\net10.0-windows\EmptyFiles\image\empty.pbm".
         Copying file from "C:\Users\grego\.nuget\packages\emptyfiles\4.4.0\EmptyFiles\image\empty.pcx" to "C:\Users\grego\RiderProjects\SATUI\SATUI.UITests\bin\Debug\net10.0-windows\EmptyFiles\image\empty.pcx".
         Copying file from "C:\Users\grego\.nuget\packages\emptyfiles\4.4.0\EmptyFiles\image\empty.pgm" to "C:\Users\grego\RiderProjects\SATUI\SATUI.UITests\bin\Debug\net10.0-windows\EmptyFiles\image\empty.pgm".
         Copying file from "C:\Users\grego\.nuget\packages\emptyfiles\4.4.0\EmptyFiles\image\empty.png" to "C:\Users\grego\RiderProjects\SATUI\SATUI.UITests\bin\Debug\net10.0-windows\EmptyFiles\image\empty.png".
         Copying file from "C:\Users\grego\.nuget\packages\emptyfiles\4.4.0\EmptyFiles\image\empty.ppm" to "C:\Users\grego\RiderProjects\SATUI\SATUI.UITests\bin\Debug\net10.0-windows\EmptyFiles\image\empty.ppm".
         Copying file from "C:\Users\grego\.nuget\packages\emptyfiles\4.4.0\EmptyFiles\image\empty.rle" to "C:\Users\grego\RiderProjects\SATUI\SATUI.UITests\bin\Debug\net10.0-windows\EmptyFiles\image\empty.rle".
         Copying file from "C:\Users\grego\.nuget\packages\emptyfiles\4.4.0\EmptyFiles\image\empty.tga" to "C:\Users\grego\RiderProjects\SATUI\SATUI.UITests\bin\Debug\net10.0-windows\EmptyFiles\image\empty.tga".
         Copying file from "C:\Users\grego\.nuget\packages\emptyfiles\4.4.0\EmptyFiles\image\empty.tif" to "C:\Users\grego\RiderProjects\SATUI\SATUI.UITests\bin\Debug\net10.0-windows\EmptyFiles\image\empty.tif".
         Copying file from "C:\Users\grego\.nuget\packages\emptyfiles\4.4.0\EmptyFiles\image\empty.wdp" to "C:\Users\grego\RiderProjects\SATUI\SATUI.UITests\bin\Debug\net10.0-windows\EmptyFiles\image\empty.wdp".
         Copying file from "C:\Users\grego\.nuget\packages\emptyfiles\4.4.0\EmptyFiles\image\empty.wmp" to "C:\Users\grego\RiderProjects\SATUI\SATUI.UITests\bin\Debug\net10.0-windows\EmptyFiles\image\empty.wmp".
         Copying file from "C:\Users\grego\.nuget\packages\emptyfiles\4.4.0\EmptyFiles\image\empty.webp" to "C:\Users\grego\RiderProjects\SATUI\SATUI.UITests\bin\Debug\net10.0-windows\EmptyFiles\image\empty.webp".
         Creating directory "bin\Debug\net10.0-windows\EmptyFiles\sheet".
         Creating directory "bin\Debug\net10.0-windows\EmptyFiles\slide".
         Copying file from "C:\Users\grego\.nuget\packages\emptyfiles\4.4.0\EmptyFiles\sheet\empty.ods" to "C:\Users\grego\RiderProjects\SATUI\SATUI.UITests\bin\Debug\net10.0-windows\EmptyFiles\sheet\empty.ods".
         Copying file from "C:\Users\grego\.nuget\packages\emptyfiles\4.4.0\EmptyFiles\sheet\empty.xlsx" to "C:\Users\grego\RiderProjects\SATUI\SATUI.UITests\bin\Debug\net10.0-windows\EmptyFiles\sheet\empty.xlsx".
         Copying file from "C:\Users\grego\.nuget\packages\emptyfiles\4.4.0\EmptyFiles\slide\empty.odp" to "C:\Users\grego\RiderProjects\SATUI\SATUI.UITests\bin\Debug\net10.0-windows\EmptyFiles\slide\empty.odp".
         Copying file from "C:\Users\grego\.nuget\packages\emptyfiles\4.4.0\EmptyFiles\slide\empty.pptx" to "C:\Users\grego\RiderProjects\SATUI\SATUI.UITests\bin\Debug\net10.0-windows\EmptyFiles\slide\empty.pptx".
         Copying file from "C:\Users\grego\.nuget\packages\microsoft.testplatform.testhost\17.14.1\build\net8.0\x64\testhost.exe" to "C:\Users\grego\RiderProjects\SATUI\SATUI.UITests\bin\Debug\net10.0-windows\testhost.exe".
         Copying file from "C:\Users\grego\.nuget\packages\xunit.runner.visualstudio\3.1.4\build\net8.0\xunit.runner.visualstudio.testadapter.dll" to "C:\Users\grego\RiderProjects\SATUI\SATUI.UITests\bin\Debug\net10.0-windows\xunit.runner.visualstudio.testadapter.dll".
       CopyFilesToOutputDirectory:
         Copying file from "C:\Users\grego\RiderProjects\SATUI\SATUI.UITests\obj\Debug\net10.0-windows\SATUI.UITests.dll" to "C:\Users\grego\RiderProjects\SATUI\SATUI.UITests\bin\Debug\net10.0-windows\SATUI.UITests.dll".
         Copying reference assembly from "obj\Debug\net10.0-windows\refint\SATUI.UITests.dll" to "C:\Users\grego\RiderProjects\SATUI\SATUI.UITests\obj\Debug\net10.0-windows\ref\SATUI.UITests.dll".
         SATUI.UITests -> C:\Users\grego\RiderProjects\SATUI\SATUI.UITests\bin\Debug\net10.0-windows\SATUI.UITests.dll
         Copying file from "C:\Users\grego\RiderProjects\SATUI\SATUI.UITests\obj\Debug\net10.0-windows\SATUI.UITests.pdb" to "C:\Users\grego\RiderProjects\SATUI\SATUI.UITests\bin\Debug\net10.0-windows\SATUI.UITests.pdb".
     1>Done Building Project "C:\Users\grego\RiderProjects\SATUI\SATUI.UITests\SATUI.UITests.csproj" (default targets).
     1>BuildProject:
         Build completed.
         
Test run for C:\Users\grego\RiderProjects\SATUI\SATUI.UITests\bin\Debug\net10.0-windows\SATUI.UITests.dll (.NETCoreApp,Version=v10.0)
A total of 1 test files matched the specified pattern.
[xUnit.net 00:00:00.00] xUnit.net VSTest Adapter v3.1.4+50e68bbb8b (64-bit .NET 10.0.8)
[xUnit.net 00:00:00.42]   Discovering: SATUI.UITests
[xUnit.net 00:00:00.47]   Discovered:  SATUI.UITests
[xUnit.net 00:00:00.49]   Starting:    SATUI.UITests
[xUnit.net 00:00:00.78]     SATUI.UITests.Tests.SettingsDialogTests.SettingsDialog_ShowsExitButton_WhenCancelNotAllowed [FAIL]
[xUnit.net 00:00:00.78]       System.IO.IOException : The process cannot access the file 'C:\Users\grego\AppData\Roaming\SATUI\settings.json' because it is being used by another process.
[xUnit.net 00:00:00.78]       Stack Trace:
[xUnit.net 00:00:00.78]            at Microsoft.Win32.SafeHandles.SafeFileHandle.CreateFile(String fullPath, FileMode mode, FileAccess access, FileShare share, FileOptions options)
[xUnit.net 00:00:00.78]            at Microsoft.Win32.SafeHandles.SafeFileHandle.Open(String fullPath, FileMode mode, FileAccess access, FileShare share, FileOptions options, Int64 preallocationSize, Nullable`1 unixCreateMode)
[xUnit.net 00:00:00.78]            at System.IO.File.OpenHandle(String path, FileMode mode, FileAccess access, FileShare share, FileOptions options, Int64 preallocationSize)
[xUnit.net 00:00:00.78]            at System.IO.File.WriteToFile(String path, FileMode mode, ReadOnlySpan`1 contents, Encoding encoding)
[xUnit.net 00:00:00.78]            at System.IO.File.WriteAllText(String path, String contents, Encoding encoding)
[xUnit.net 00:00:00.78]         C:\Users\grego\RiderProjects\SATUI\SATUI.UITests\Infrastructure\AppHarness.cs(84,0): at SATUI.UITests.Infrastructure.AppHarness.PrepareSettings(Object settings)
[xUnit.net 00:00:00.78]         C:\Users\grego\RiderProjects\SATUI\SATUI.UITests\Infrastructure\AppHarness.cs(25,0): at SATUI.UITests.Infrastructure.AppHarness..ctor(Object initialSettings)
[xUnit.net 00:00:00.78]         C:\Users\grego\RiderProjects\SATUI\SATUI.UITests\Tests\SettingsDialogTests.cs(35,0): at SATUI.UITests.Tests.SettingsDialogTests.SettingsDialog_ShowsExitButton_WhenCancelNotAllowed()
[xUnit.net 00:00:00.78]            at System.Reflection.MethodBaseInvoker.InterpretedInvoke_Method(Object obj, IntPtr* args)
[xUnit.net 00:00:00.78]            at System.Reflection.MethodBaseInvoker.InvokeWithNoArgs(Object obj, BindingFlags invokeAttr)
  Failed SATUI.UITests.Tests.SettingsDialogTests.SettingsDialog_ShowsExitButton_WhenCancelNotAllowed [245 ms]
  Error Message:
   System.IO.IOException : The process cannot access the file 'C:\Users\grego\AppData\Roaming\SATUI\settings.json' because it is being used by another process.
  Stack Trace:
     at Microsoft.Win32.SafeHandles.SafeFileHandle.CreateFile(String fullPath, FileMode mode, FileAccess access, FileShare share, FileOptions options)
   at Microsoft.Win32.SafeHandles.SafeFileHandle.Open(String fullPath, FileMode mode, FileAccess access, FileShare share, FileOptions options, Int64 preallocationSize, Nullable`1 unixCreateMode)
   at System.IO.File.OpenHandle(String path, FileMode mode, FileAccess access, FileShare share, FileOptions options, Int64 preallocationSize)
   at System.IO.File.WriteToFile(String path, FileMode mode, ReadOnlySpan`1 contents, Encoding encoding)
   at System.IO.File.WriteAllText(String path, String contents, Encoding encoding)
   at SATUI.UITests.Infrastructure.AppHarness.PrepareSettings(Object settings) in C:\Users\grego\RiderProjects\SATUI\SATUI.UITests\Infrastructure\AppHarness.cs:line 84
   at SATUI.UITests.Infrastructure.AppHarness..ctor(Object initialSettings) in C:\Users\grego\RiderProjects\SATUI\SATUI.UITests\Infrastructure\AppHarness.cs:line 25
   at SATUI.UITests.Tests.SettingsDialogTests.SettingsDialog_ShowsExitButton_WhenCancelNotAllowed() in C:\Users\grego\RiderProjects\SATUI\SATUI.UITests\Tests\SettingsDialogTests.cs:line 35
   at System.Reflection.MethodBaseInvoker.InterpretedInvoke_Method(Object obj, IntPtr* args)
   at System.Reflection.MethodBaseInvoker.InvokeWithNoArgs(Object obj, BindingFlags invokeAttr)
Application failed to exit
[xUnit.net 00:00:13.96]     SATUI.UITests.Tests.MainWindowTests.ClickingUrlInHeader_OpensSettingsDialog [FAIL]
[xUnit.net 00:00:13.96]       System.TimeoutException : Window containing 'Settings' not found within 5000ms
[xUnit.net 00:00:13.96]       Stack Trace:
[xUnit.net 00:00:13.96]         C:\Users\grego\RiderProjects\SATUI\SATUI.UITests\Infrastructure\AppHarness.cs(47,0): at SATUI.UITests.Infrastructure.AppHarness.WaitForWindowByTitle(String titleFragment, Int32 timeoutMs)
[xUnit.net 00:00:13.96]         C:\Users\grego\RiderProjects\SATUI\SATUI.UITests\Tests\MainWindowTests.cs(48,0): at SATUI.UITests.Tests.MainWindowTests.ClickingUrlInHeader_OpensSettingsDialog()
[xUnit.net 00:00:13.96]            at System.Reflection.MethodBaseInvoker.InterpretedInvoke_Method(Object obj, IntPtr* args)
[xUnit.net 00:00:13.96]            at System.Reflection.MethodBaseInvoker.InvokeWithNoArgs(Object obj, BindingFlags invokeAttr)
  Failed SATUI.UITests.Tests.MainWindowTests.ClickingUrlInHeader_OpensSettingsDialog [13 s]
  Error Message:
   System.TimeoutException : Window containing 'Settings' not found within 5000ms
  Stack Trace:
     at SATUI.UITests.Infrastructure.AppHarness.WaitForWindowByTitle(String titleFragment, Int32 timeoutMs) in C:\Users\grego\RiderProjects\SATUI\SATUI.UITests\Infrastructure\AppHarness.cs:line 47
   at SATUI.UITests.Tests.MainWindowTests.ClickingUrlInHeader_OpensSettingsDialog() in C:\Users\grego\RiderProjects\SATUI\SATUI.UITests\Tests\MainWindowTests.cs:line 48
   at System.Reflection.MethodBaseInvoker.InterpretedInvoke_Method(Object obj, IntPtr* args)
   at System.Reflection.MethodBaseInvoker.InvokeWithNoArgs(Object obj, BindingFlags invokeAttr)
Application failed to exit
[xUnit.net 00:00:16.18]     SATUI.UITests.Tests.LicenseFlowTests.DecliningLicense_ExitsApplication [FAIL]
[xUnit.net 00:00:16.18]       System.TimeoutException : Window containing 'License Agreement' not found within 10000ms
[xUnit.net 00:00:16.18]       Stack Trace:
[xUnit.net 00:00:16.18]         C:\Users\grego\RiderProjects\SATUI\SATUI.UITests\Infrastructure\AppHarness.cs(47,0): at SATUI.UITests.Infrastructure.AppHarness.WaitForWindowByTitle(String titleFragment, Int32 timeoutMs)
[xUnit.net 00:00:16.18]         C:\Users\grego\RiderProjects\SATUI\SATUI.UITests\Tests\LicenseFlowTests.cs(53,0): at SATUI.UITests.Tests.LicenseFlowTests.DecliningLicense_ExitsApplication()
[xUnit.net 00:00:16.18]            at System.Reflection.MethodBaseInvoker.InterpretedInvoke_Method(Object obj, IntPtr* args)
[xUnit.net 00:00:16.18]            at System.Reflection.MethodBaseInvoker.InvokeWithNoArgs(Object obj, BindingFlags invokeAttr)
  Failed SATUI.UITests.Tests.LicenseFlowTests.DecliningLicense_ExitsApplication [15 s]
  Error Message:
   System.TimeoutException : Window containing 'License Agreement' not found within 10000ms
  Stack Trace:
     at SATUI.UITests.Infrastructure.AppHarness.WaitForWindowByTitle(String titleFragment, Int32 timeoutMs) in C:\Users\grego\RiderProjects\SATUI\SATUI.UITests\Infrastructure\AppHarness.cs:line 47
   at SATUI.UITests.Tests.LicenseFlowTests.DecliningLicense_ExitsApplication() in C:\Users\grego\RiderProjects\SATUI\SATUI.UITests\Tests\LicenseFlowTests.cs:line 53
   at System.Reflection.MethodBaseInvoker.InterpretedInvoke_Method(Object obj, IntPtr* args)
   at System.Reflection.MethodBaseInvoker.InvokeWithNoArgs(Object obj, BindingFlags invokeAttr)
Application failed to exit
[xUnit.net 00:00:16.30]     SATUI.UITests.Tests.SettingsDialogTests.SettingsDialog_IsShown_WhenNoUrlConfigured [FAIL]
[xUnit.net 00:00:16.30]       System.TimeoutException : Window containing 'Settings' not found within 10000ms
[xUnit.net 00:00:16.30]       Stack Trace:
[xUnit.net 00:00:16.30]         C:\Users\grego\RiderProjects\SATUI\SATUI.UITests\Infrastructure\AppHarness.cs(47,0): at SATUI.UITests.Infrastructure.AppHarness.WaitForWindowByTitle(String titleFragment, Int32 timeoutMs)
[xUnit.net 00:00:16.30]         C:\Users\grego\RiderProjects\SATUI\SATUI.UITests\Tests\SettingsDialogTests.cs(23,0): at SATUI.UITests.Tests.SettingsDialogTests.SettingsDialog_IsShown_WhenNoUrlConfigured()
[xUnit.net 00:00:16.30]            at System.Reflection.MethodBaseInvoker.InterpretedInvoke_Method(Object obj, IntPtr* args)
[xUnit.net 00:00:16.30]            at System.Reflection.MethodBaseInvoker.InvokeWithNoArgs(Object obj, BindingFlags invokeAttr)
[xUnit.net 00:00:16.30]     SATUI.UITests.Tests.SettingsDialogTests.SettingsDialog_ClosesAndShowsMainWindow_WhenValidUrlSaved [FAIL]
[xUnit.net 00:00:16.30]       System.Net.HttpListenerException : Failed to listen on prefix 'http://127.0.0.1:18773/' because it conflicts with an existing registration on the machine.
[xUnit.net 00:00:16.30]       Stack Trace:
[xUnit.net 00:00:16.30]            at System.Net.HttpListener.AddPrefixCore(String registeredPrefix)
[xUnit.net 00:00:16.30]            at System.Net.HttpListener.AddAllPrefixes()
[xUnit.net 00:00:16.30]            at System.Net.HttpListener.Start()
[xUnit.net 00:00:16.30]         C:\Users\grego\RiderProjects\SATUI\SATUI.UITests\Infrastructure\LocalHttpServer.cs(24,0): at SATUI.UITests.Infrastructure.LocalHttpServer..ctor(Int32 port)
[xUnit.net 00:00:16.30]         C:\Users\grego\RiderProjects\SATUI\SATUI.UITests\Tests\SettingsDialogTests.cs(78,0): at SATUI.UITests.Tests.SettingsDialogTests.SettingsDialog_ClosesAndShowsMainWindow_WhenValidUrlSaved()
[xUnit.net 00:00:16.30]            at System.Reflection.MethodBaseInvoker.InterpretedInvoke_Method(Object obj, IntPtr* args)
[xUnit.net 00:00:16.30]            at System.Reflection.RuntimeMethodInfo.Invoke(Object obj, BindingFlags invokeAttr, Binder binder, Object[] parameters, CultureInfo culture)
  Failed SATUI.UITests.Tests.SettingsDialogTests.SettingsDialog_IsShown_WhenNoUrlConfigured [15 s]
  Error Message:
   System.TimeoutException : Window containing 'Settings' not found within 10000ms
  Stack Trace:
     at SATUI.UITests.Infrastructure.AppHarness.WaitForWindowByTitle(String titleFragment, Int32 timeoutMs) in C:\Users\grego\RiderProjects\SATUI\SATUI.UITests\Infrastructure\AppHarness.cs:line 47
   at SATUI.UITests.Tests.SettingsDialogTests.SettingsDialog_IsShown_WhenNoUrlConfigured() in C:\Users\grego\RiderProjects\SATUI\SATUI.UITests\Tests\SettingsDialogTests.cs:line 23
   at System.Reflection.MethodBaseInvoker.InterpretedInvoke_Method(Object obj, IntPtr* args)
   at System.Reflection.MethodBaseInvoker.InvokeWithNoArgs(Object obj, BindingFlags invokeAttr)
  Failed SATUI.UITests.Tests.SettingsDialogTests.SettingsDialog_ClosesAndShowsMainWindow_WhenValidUrlSaved [1 ms]
  Error Message:
   System.Net.HttpListenerException : Failed to listen on prefix 'http://127.0.0.1:18773/' because it conflicts with an existing registration on the machine.
  Stack Trace:
     at System.Net.HttpListener.AddPrefixCore(String registeredPrefix)
   at System.Net.HttpListener.AddAllPrefixes()
   at System.Net.HttpListener.Start()
   at SATUI.UITests.Infrastructure.LocalHttpServer..ctor(Int32 port) in C:\Users\grego\RiderProjects\SATUI\SATUI.UITests\Infrastructure\LocalHttpServer.cs:line 24
   at SATUI.UITests.Tests.SettingsDialogTests.SettingsDialog_ClosesAndShowsMainWindow_WhenValidUrlSaved() in C:\Users\grego\RiderProjects\SATUI\SATUI.UITests\Tests\SettingsDialogTests.cs:line 78
   at System.Reflection.MethodBaseInvoker.InterpretedInvoke_Method(Object obj, IntPtr* args)
   at System.Reflection.RuntimeMethodInfo.Invoke(Object obj, BindingFlags invokeAttr, Binder binder, Object[] parameters, CultureInfo culture)
Application failed to exit
[xUnit.net 00:00:25.71]     SATUI.UITests.Tests.MainWindowTests.ClickingGearIcon_OpensSettingsDialog [FAIL]
[xUnit.net 00:00:25.71]       System.TimeoutException : Window containing 'Settings' not found within 5000ms
[xUnit.net 00:00:25.71]       Stack Trace:
[xUnit.net 00:00:25.71]         C:\Users\grego\RiderProjects\SATUI\SATUI.UITests\Infrastructure\AppHarness.cs(47,0): at SATUI.UITests.Infrastructure.AppHarness.WaitForWindowByTitle(String titleFragment, Int32 timeoutMs)
[xUnit.net 00:00:25.71]         C:\Users\grego\RiderProjects\SATUI\SATUI.UITests\Tests\MainWindowTests.cs(68,0): at SATUI.UITests.Tests.MainWindowTests.ClickingGearIcon_OpensSettingsDialog()
[xUnit.net 00:00:25.71]            at System.Reflection.MethodBaseInvoker.InterpretedInvoke_Method(Object obj, IntPtr* args)
[xUnit.net 00:00:25.71]            at System.Reflection.RuntimeMethodInfo.Invoke(Object obj, BindingFlags invokeAttr, Binder binder, Object[] parameters, CultureInfo culture)
  Failed SATUI.UITests.Tests.MainWindowTests.ClickingGearIcon_OpensSettingsDialog [11 s]
  Error Message:
   System.TimeoutException : Window containing 'Settings' not found within 5000ms
  Stack Trace:
     at SATUI.UITests.Infrastructure.AppHarness.WaitForWindowByTitle(String titleFragment, Int32 timeoutMs) in C:\Users\grego\RiderProjects\SATUI\SATUI.UITests\Infrastructure\AppHarness.cs:line 47
   at SATUI.UITests.Tests.MainWindowTests.ClickingGearIcon_OpensSettingsDialog() in C:\Users\grego\RiderProjects\SATUI\SATUI.UITests\Tests\MainWindowTests.cs:line 68
   at System.Reflection.MethodBaseInvoker.InterpretedInvoke_Method(Object obj, IntPtr* args)
   at System.Reflection.RuntimeMethodInfo.Invoke(Object obj, BindingFlags invokeAttr, Binder binder, Object[] parameters, CultureInfo culture)
  Passed SATUI.UITests.Tests.MainWindowTests.ReloadButton_IsPresentInHeader [1 s]
  Passed SATUI.UITests.Tests.MainWindowTests.MainWindow_ShowsUrlInHeader [1 s]
  Passed SATUI.UITests.Tests.MainWindowTests.HeaderButtons_AllPresent [1 s]
Application failed to exit
[xUnit.net 00:00:31.41]     SATUI.UITests.Tests.LicenseFlowTests.AcceptingLicense_ProceedsToSettingsDialog [FAIL]
[xUnit.net 00:00:31.42]       System.TimeoutException : Window containing 'License Agreement' not found within 10000ms
[xUnit.net 00:00:31.42]       Stack Trace:
[xUnit.net 00:00:31.42]         C:\Users\grego\RiderProjects\SATUI\SATUI.UITests\Infrastructure\AppHarness.cs(47,0): at SATUI.UITests.Infrastructure.AppHarness.WaitForWindowByTitle(String titleFragment, Int32 timeoutMs)
[xUnit.net 00:00:31.42]         C:\Users\grego\RiderProjects\SATUI\SATUI.UITests\Tests\LicenseFlowTests.cs(34,0): at SATUI.UITests.Tests.LicenseFlowTests.AcceptingLicense_ProceedsToSettingsDialog()
[xUnit.net 00:00:31.42]            at System.Reflection.MethodBaseInvoker.InterpretedInvoke_Method(Object obj, IntPtr* args)
[xUnit.net 00:00:31.42]            at System.Reflection.RuntimeMethodInfo.Invoke(Object obj, BindingFlags invokeAttr, Binder binder, Object[] parameters, CultureInfo culture)
  Failed SATUI.UITests.Tests.LicenseFlowTests.AcceptingLicense_ProceedsToSettingsDialog [15 s]
  Error Message:
   System.TimeoutException : Window containing 'License Agreement' not found within 10000ms
  Stack Trace:
     at SATUI.UITests.Infrastructure.AppHarness.WaitForWindowByTitle(String titleFragment, Int32 timeoutMs) in C:\Users\grego\RiderProjects\SATUI\SATUI.UITests\Infrastructure\AppHarness.cs:line 47
   at SATUI.UITests.Tests.LicenseFlowTests.AcceptingLicense_ProceedsToSettingsDialog() in C:\Users\grego\RiderProjects\SATUI\SATUI.UITests\Tests\LicenseFlowTests.cs:line 34
   at System.Reflection.MethodBaseInvoker.InterpretedInvoke_Method(Object obj, IntPtr* args)
   at System.Reflection.RuntimeMethodInfo.Invoke(Object obj, BindingFlags invokeAttr, Binder binder, Object[] parameters, CultureInfo culture)
Application failed to exit
[xUnit.net 00:00:31.97]     SATUI.UITests.Tests.SettingsDialogTests.SettingsDialog_ShowsValidationError_WhenSavingBlankUrl [FAIL]
[xUnit.net 00:00:31.97]       System.TimeoutException : Window containing 'Settings' not found within 10000ms
[xUnit.net 00:00:31.97]       Stack Trace:
[xUnit.net 00:00:31.97]         C:\Users\grego\RiderProjects\SATUI\SATUI.UITests\Infrastructure\AppHarness.cs(47,0): at SATUI.UITests.Infrastructure.AppHarness.WaitForWindowByTitle(String titleFragment, Int32 timeoutMs)
[xUnit.net 00:00:31.97]         C:\Users\grego\RiderProjects\SATUI\SATUI.UITests\Tests\SettingsDialogTests.cs(54,0): at SATUI.UITests.Tests.SettingsDialogTests.SettingsDialog_ShowsValidationError_WhenSavingBlankUrl()
[xUnit.net 00:00:31.97]            at System.Reflection.MethodBaseInvoker.InterpretedInvoke_Method(Object obj, IntPtr* args)
[xUnit.net 00:00:31.97]            at System.Reflection.RuntimeMethodInfo.Invoke(Object obj, BindingFlags invokeAttr, Binder binder, Object[] parameters, CultureInfo culture)
  Failed SATUI.UITests.Tests.SettingsDialogTests.SettingsDialog_ShowsValidationError_WhenSavingBlankUrl [15 s]
  Error Message:
   System.TimeoutException : Window containing 'Settings' not found within 10000ms
  Stack Trace:
     at SATUI.UITests.Infrastructure.AppHarness.WaitForWindowByTitle(String titleFragment, Int32 timeoutMs) in C:\Users\grego\RiderProjects\SATUI\SATUI.UITests\Infrastructure\AppHarness.cs:line 47
   at SATUI.UITests.Tests.SettingsDialogTests.SettingsDialog_ShowsValidationError_WhenSavingBlankUrl() in C:\Users\grego\RiderProjects\SATUI\SATUI.UITests\Tests\SettingsDialogTests.cs:line 54
   at System.Reflection.MethodBaseInvoker.InterpretedInvoke_Method(Object obj, IntPtr* args)
   at System.Reflection.RuntimeMethodInfo.Invoke(Object obj, BindingFlags invokeAttr, Binder binder, Object[] parameters, CultureInfo culture)
Application failed to exit
[xUnit.net 00:00:37.71]   Finished:    SATUI.UITests
  Passed SATUI.UITests.Tests.LicenseFlowTests.OnFirstRun_LicenseDialogIsShown [6 s]

Test Run Failed.
Total tests: 12
     Passed: 4
     Failed: 8
 Total time: 38.6506 Seconds
       _VSTestConsole:
         MSB4181: The "VSTestTask" task returned false but did not log an error.
     1>Done Building Project "C:\Users\grego\RiderProjects\SATUI\SATUI.UITests\SATUI.UITests.csproj" (VSTest target(s)) -- FAILED.

Build FAILED.
    0 Warning(s)
    0 Error(s)

Time Elapsed 00:00:40.36
